<html>
<body>
<pre>
<h1>礦ision Build Log</h1>
<h2>Tool Versions:</h2>
IDE-Version: μVision V5.26.2.0
Copyright (C) 2018 ARM Ltd and ARM Germany GmbH. All rights reserved.
License Information: 123 425177880@qq.com, 123, LIC=EXJT4-FNCXB-JJY6S-LVRTA-49UMN-XEGAK
 
Tool Versions:
Toolchain:       MDK-ARM Plus  Version: 5.26.2.0
Toolchain Path:  C:\Keil_v5\ARM\ARMCC\Bin
C Compiler:      Armcc.exe V5.06 update 6 (build 750)
Assembler:       Armasm.exe V5.06 update 6 (build 750)
Linker/Locator:  ArmLink.exe V5.06 update 6 (build 750)
Library Manager: ArmAr.exe V5.06 update 6 (build 750)
Hex Converter:   FromElf.exe V5.06 update 6 (build 750)
CPU DLL:         SARMCM3.DLL V5.26.2.0
Dialog DLL:      DCM.DLL V1.17.2.0
Target DLL:      Segger\JL2CM3.dll V2.99.31.0
Dialog DLL:      TCM.DLL V1.36.1.0
 
<h2>Project:</h2>
C:\Users\42517\Desktop\无人机\匿名拓空者P2资料包-20201221\8：飞控源码工程\ANO_PioneerPro-088\ANO_Pioneer.uvprojx
Project File Date:  01/22/2021

<h2>Output:</h2>
*** Using Compiler 'V5.06 update 6 (build 750)', folder: 'C:\Keil_v5\ARM\ARMCC\Bin'
Rebuild target 'Ano_Pioneer'
compiling usb_config.c...
compiling stm32f4xx_it.c...
compiling main.c...
compiling Ano_USB.c...
compiling Ano_DT.c...
SRC\applications\Ano_DT.c(651): warning:  #177-D: function "WritePar"  was declared but never referenced
  static void WritePar(u16 p_id, s32 p_val)
SRC\applications\Ano_DT.c: 1 warning, 0 errors
compiling Ano_Scheduler.c...
compiling BSP_Init.c...
compiling Ano_RC.c...
compiling Ano_ProgramCtrl_User.c...
compiling Ano_OF.c...
compiling Ano_UWB.c...
compiling Ano_OPMV_LineTracking_Ctrl.c...
compiling Ano_FlyCtrl.c...
compiling Ano_OPMV_Ctrl.c...
compiling Ano_OPMV_CBTracking_Ctrl.c...
compiling Ano_Navigate.c...
compiling Ano_FcData.c...
compiling Ano_OF_DecoFusion.c...
compiling Ano_Math.c...
compiling Ano_Filter.c...
compiling Ano_Imu.c...
compiling Ano_MotionCal.c...
compiling Ano_Pid.c...
compiling Ano_Sensor_Basic.c...
SRC\fc_general\Ano_Sensor_Basic.c(51): warning:  #550-D: variable "hz"  was set but never used
  	float hz = 0 ;
SRC\fc_general\Ano_Sensor_Basic.c: 1 warning, 0 errors
compiling Ano_MagProcess.c...
compiling Ano_AltCtrl.c...
compiling Ano_LocCtrl.c...
compiling Ano_AttCtrl.c...
compiling Ano_FlightCtrl.c...
compiling Ano_Power.c...
compiling Drv_led.c...
compiling Drv_spi.c...
compiling Drv_adc.c...
compiling Ano_MotorCtrl.c...
compiling Ano_FlightDataCal.c...
compiling Ano_Parameter.c...
compiling Drv_time.c...
compiling Drv_pwm_out.c...
compiling Drv_ak8975.c...
compiling Drv_spl06.c...
SRC\drivers\Drv_spl06.c(482): warning:  #177-D: variable "vel_cnt"  was declared but never referenced
  	static u8 vel_cnt;
SRC\drivers\Drv_spl06.c: 1 warning, 0 errors
compiling Drv_w25qxx.c...
compiling Drv_usart.c...
SRC\drivers\Drv_usart.c(232): warning:  #177-D: function "Usart3_Send"  was declared but never referenced
  static void Usart3_Send ( unsigned char *DataToSend , u8 data_num )
SRC\drivers\Drv_usart.c: 1 warning, 0 errors
compiling Drv_icm20602.c...
compiling Drv_heating.c...
compiling Drv_OpenMV.c...
compiling Drv_bmi088.c...
compiling Drv_UP_Flow.c...
compiling Drv_laser.c...
compiling Drv_gps.c...
compiling usbd_STM32F4xx_FS.c...
compiling misc.c...
compiling stm32f4xx_dbgmcu.c...
compiling Drv_BSP.c...
compiling Drv_RcIn.c...
compiling stm32f4xx_exti.c...
compiling stm32f4xx_adc.c...
compiling stm32f4xx_dma.c...
compiling stm32f4xx_flash.c...
compiling stm32f4xx_gpio.c...
compiling stm32f4xx_i2c.c...
compiling stm32f4xx_pwr.c...
compiling stm32f4xx_rcc.c...
compiling stm32f4xx_syscfg.c...
compiling stm32f4xx_spi.c...
assembling startup_stm32f4xx.s...
compiling usbd_core_hid.c...
compiling usbd_core.c...
compiling usbd_hid.c...
compiling system_stm32f4xx.c...
compiling Ano_Imu_Calibration.c...
compiling stm32f4xx_usart.c...
compiling Ano_Imu_Data.c...
compiling Ano_Imu_Task.c...
compiling stm32f4xx_tim.c...
linking...
Program Size: Code=105876 RO-data=2316 RW-data=1244 ZI-data=13084  
FromELF: creating hex file...
After Build - User command #1: fromelf.exe --bin -o ./AnoPioneerPro.bin ./build/Ano_Pioneer.axf
".\build\ANO_Pioneer.axf" - 0 Error(s), 4 Warning(s).

<h2>Software Packages used:</h2>

Package Vendor: Keil
                http://www.keil.com/pack/Keil.STM32F4xx_DFP.2.15.0.pack
                Keil.STM32F4xx_DFP.2.15.0
                STMicroelectronics STM32F4 Series Device Support, Drivers and Examples

<h2>Collection of Component include folders:</h2>
  .\RTE\_Ano_Pioneer
  C:\Users\42517\AppData\Local\Arm\Packs\Keil\STM32F4xx_DFP\2.15.0\Drivers\CMSIS\Device\ST\STM32F4xx\Include

<h2>Collection of Component Files used:</h2>
Build Time Elapsed:  00:00:20
</pre>
</body>
</html>
