<html>
<body>
<pre>
<h1>µVision Build Log</h1>
<h2>Tool Versions:</h2>
IDE-Version: ¦ÌVision V5.33.0.0
Copyright (C) 2020 ARM Ltd and ARM Germany GmbH. All rights reserved.
License Information: CHEN BAILONG, 1, LIC=TIVNB-2I501-CXKU6-D3CFQ-UFX8S-7SIY8
 
Tool Versions:
Toolchain:       MDK-ARM Plus  Version: 5.33.0.0
Toolchain Path:  D:\Keil_v5\ARM\ARMCC\Bin
C Compiler:      Armcc.exe V5.06 update 7 (build 960)
Assembler:       Armasm.exe V5.06 update 7 (build 960)
Linker/Locator:  ArmLink.exe V5.06 update 7 (build 960)
Library Manager: ArmAr.exe V5.06 update 7 (build 960)
Hex Converter:   FromElf.exe V5.06 update 7 (build 960)
CPU DLL:         SARMCM3.DLL V5.33.0.0
Dialog DLL:      DCM.DLL V1.17.3.0
Target DLL:      Segger\JL2CM3.dll V2.97.0.0
Dialog DLL:      TCM.DLL V1.48.0.0
 
<h2>Project:</h2>
D:\Documents\github\ANO_PioneerPro-088\ANO_Pioneer.uvprojx
Project File Date:  03/05/2021

<h2>Output:</h2>
*** Using Compiler 'V5.06 update 7 (build 960)', folder: 'D:\Keil_v5\ARM\ARMCC\Bin'
Build target 'Ano_Pioneer'
compiling stm32f4xx_it.c...
compiling main.c...
compiling Ano_RC.c...
compiling BSP_Init.c...
compiling Ano_OF.c...
compiling Ano_Scheduler.c...
compiling Ano_DT.c...
SRC\applications\Ano_DT.c(651): warning:  #177-D: function "WritePar"  was declared but never referenced
  static void WritePar(u16 p_id, s32 p_val)
SRC\applications\Ano_DT.c: 1 warning, 0 errors
compiling Ano_UWB.c...
SRC\applications\Ano_UWB.c(116): warning:  #177-D: variable "temp"  was declared but never referenced
  		uint8_t temp=0;
SRC\applications\Ano_UWB.c: 1 warning, 0 errors
compiling Ano_FlyCtrl.c...
compiling Ano_Sensor_Basic.c...
SRC\fc_general\Ano_Sensor_Basic.c(51): warning:  #550-D: variable "hz"  was set but never used
  	float hz = 0 ;
SRC\fc_general\Ano_Sensor_Basic.c: 1 warning, 0 errors
compiling Ano_AltCtrl.c...
compiling Ano_OPMV_CBTracking_Ctrl.c...
compiling Ano_MotionCal.c...
compiling Ano_Imu.c...
compiling Ano_AttCtrl.c...
compiling Drv_pwm_out.c...
compiling Ano_MotorCtrl.c...
compiling Ano_FlightDataCal.c...
compiling Ano_Parameter.c...
compiling Ano_LocCtrl.c...
compiling Ano_FlightCtrl.c...
compiling Drv_ak8975.c...
compiling Drv_heating.c...
compiling Drv_time.c...
compiling Drv_icm20602.c...
compiling Drv_spl06.c...
SRC\drivers\Drv_spl06.c(482): warning:  #177-D: variable "vel_cnt"  was declared but never referenced
  	static u8 vel_cnt;
SRC\drivers\Drv_spl06.c: 1 warning, 0 errors
compiling Drv_usart.c...
SRC\drivers\Drv_usart.c(232): warning:  #177-D: function "Usart3_Send"  was declared but never referenced
  static void Usart3_Send ( unsigned char *DataToSend , u8 data_num )
SRC\drivers\Drv_usart.c: 1 warning, 0 errors
compiling Drv_gps.c...
compiling Drv_bmi088.c...
compiling Drv_BSP.c...
compiling Drv_RcIn.c...
compiling Ano_Imu_Calibration.c...
compiling Ano_Imu_Task.c...
compiling Ano_Imu_Data.c...
linking...
Program Size: Code=106140 RO-data=2316 RW-data=1244 ZI-data=13164  
FromELF: creating hex file...
After Build - User command #1: fromelf.exe --bin -o ./AnoPioneerPro.bin ./build/Ano_Pioneer.axf
".\build\ANO_Pioneer.axf" - 0 Error(s), 5 Warning(s).

<h2>Software Packages used:</h2>

Package Vendor: Keil
                http://www.keil.com/pack/Keil.STM32F4xx_DFP.2.15.0.pack
                Keil.STM32F4xx_DFP.2.15.0
                STMicroelectronics STM32F4 Series Device Support, Drivers and Examples

<h2>Collection of Component include folders:</h2>
  D:\Keil_v5\ARM\PACK\Keil\STM32F4xx_DFP\2.15.0\Drivers\CMSIS\Device\ST\STM32F4xx\Include

<h2>Collection of Component Files used:</h2>
Build Time Elapsed:  00:00:11
</pre>
</body>
</html>
