Component: ARM Compiler 5.06 update 7 (build 960) Tool: armlink [4d3601]

==============================================================================

Section Cross References

    stm32f4xx_it.o(.text) refers to stm32f4xx_exti.o(.text) for EXTI_GetITStatus
    stm32f4xx_it.o(.text) refers to drv_rcin.o(.text) for PPM_IRQH
    stm32f4xx_it.o(.text) refers to drv_usart.o(.text) for Uart4_IRQ
    ano_usb.o(.text) refers to usbd_core.o(.text) for usbd_init
    ano_usb.o(.text) refers to usbd_hid.o(.text) for usbd_hid_get_report_trigger
    ano_usb.o(.text) refers to ano_dt.o(.text) for AnoDTRxOneByteUsb
    ano_usb.o(.text) refers to ano_usb.o(.data) for hid_datatemp_end
    ano_usb.o(.text) refers to ano_usb.o(.bss) for hid_datatemp
    usb_config.o(.text) refers to usbd_hid.o(.text) for USBD_HID_Configure_Event
    usb_config.o(.constdata) refers to usb_config.o(.text) for USBD_SOF_Event
    usb_config.o(.constdata) refers to usbd_core.o(.text) for USBD_EndPoint0
    usb_config.o(.constdata) refers to usbd_hid.o(.text) for USBD_HID_EP_INT_Event
    main.o(.text) refers to bsp_init.o(.text) for All_Init
    main.o(.text) refers to ano_scheduler.o(.text) for Scheduler_Setup
    main.o(.text) refers to ano_fcdata.o(.bss) for flag
    ano_scheduler.o(.text) refers to drv_time.o(.text) for GetSysTime_us
    ano_scheduler.o(.text) refers to ano_flightdatacal.o(.text) for Fc_Sensor_Get
    ano_scheduler.o(.text) refers to ano_sensor_basic.o(.text) for Sensor_Data_Prepare
    ano_scheduler.o(.text) refers to drv_gps.o(.text) for WCXY_Acc_Get_Task
    ano_scheduler.o(.text) refers to ano_flightctrl.o(.text) for Flight_State_Task
    ano_scheduler.o(.text) refers to ano_of_decofusion.o(.text) for ANO_OF_Data_Prepare_Task
    ano_scheduler.o(.text) refers to ano_dt.o(.text) for ANO_DT_Task1Ms
    ano_scheduler.o(.text) refers to ano_attctrl.o(.text) for Att_1level_Ctrl
    ano_scheduler.o(.text) refers to ano_motorctrl.o(.text) for Motor_Ctrl_Task
    ano_scheduler.o(.text) refers to ano_uwb.o(.text) for Ano_UWB_Get_Data_Task
    ano_scheduler.o(.text) refers to ano_imu.o(.text) for calculate_RPY
    ano_scheduler.o(.text) refers to drv_bsp.o(.text) for DrvRcInputTask
    ano_scheduler.o(.text) refers to ano_rc.o(.text) for RC_duty_task
    ano_scheduler.o(.text) refers to ano_altctrl.o(.text) for Alt_1level_Ctrl
    ano_scheduler.o(.text) refers to ano_of.o(.text) for AnoOF_Check_State
    ano_scheduler.o(.text) refers to drv_led.o(.text) for LED_Task2
    ano_scheduler.o(.text) refers to ano_imu_task.o(.text) for ImuServices_20ms_c
    ano_scheduler.o(.text) refers to ano_flyctrl.o(.text) for Program_control_task
    ano_scheduler.o(.text) refers to ano_locctrl.o(.text) for Loc_1level_Ctrl
    ano_scheduler.o(.text) refers to ano_opmv_ctrl.o(.text) for ANO_OPMV_Ctrl_Task
    ano_scheduler.o(.text) refers to ano_power.o(.text) for Power_UpdateTask
    ano_scheduler.o(.text) refers to drv_heating.o(.text) for Thermostatic_Ctrl_Task
    ano_scheduler.o(.text) refers to ano_parameter.o(.text) for Ano_Parame_Write_task
    ano_scheduler.o(.text) refers to ano_scheduler.o(.bss) for test_dT_1000hz
    ano_scheduler.o(.text) refers to ano_rc.o(.bss) for CH_N
    ano_scheduler.o(.text) refers to ano_scheduler.o(.data) for sched_tasks
    ano_scheduler.o(.data) refers to ano_scheduler.o(.text) for Loop_1000Hz
    bsp_init.o(.text) refers to misc.o(.text) for NVIC_PriorityGroupConfig
    bsp_init.o(.text) refers to drv_time.o(.text) for SysTick_Configuration
    bsp_init.o(.text) refers to drv_led.o(.text) for Drv_LED_Init
    bsp_init.o(.text) refers to drv_w25qxx.o(.text) for Flash_Init
    bsp_init.o(.text) refers to ano_fcdata.o(.text) for Para_Data_Init
    bsp_init.o(.text) refers to drv_bsp.o(.text) for DrvRcInputInit
    bsp_init.o(.text) refers to drv_pwm_out.o(.text) for PWM_Out_Init
    bsp_init.o(.text) refers to drv_spi.o(.text) for Drv_SPI2_init
    bsp_init.o(.text) refers to drv_ak8975.o(.text) for Drv_AK8975CSPin_Init
    bsp_init.o(.text) refers to drv_spl06.o(.text) for Drv_SPL06CSPin_Init
    bsp_init.o(.text) refers to drv_bmi088.o(.text) for DrvBmi088Init
    bsp_init.o(.text) refers to ano_usb.o(.text) for Usb_Hid_Init
    bsp_init.o(.text) refers to drv_usart.o(.text) for Usart1_Init
    bsp_init.o(.text) refers to drv_adc.o(.text) for Drv_AdcInit
    bsp_init.o(.text) refers to ano_flightctrl.o(.text) for All_PID_Init
    bsp_init.o(.text) refers to drv_gps.o(.text) for Drv_GpsPin_Init
    bsp_init.o(.text) refers to drv_heating.o(.text) for Drv_HeatingInit
    bsp_init.o(.text) refers to ano_sensor_basic.o(.text) for Sensor_Basic_Init
    bsp_init.o(.text) refers to ano_dt.o(.text) for ANO_DT_Init
    bsp_init.o(.text) refers to ano_imu_data.o(.text) for ImuSensitivityInit
    bsp_init.o(.text) refers to stm32f4xx_gpio.o(.text) for GPIO_ResetBits
    bsp_init.o(.text) refers to ano_fcdata.o(.bss) for sens_hd_check
    bsp_init.o(.text) refers to ano_parameter.o(.bss) for Ano_Parame
[...]
    ADC_EOCOnEachRegularChannelCmd           0x0800fdbd   Thumb Code    80  stm32f4xx_adc.o(.text)
    ADC_ContinuousModeCmd                    0x0800fe0d   Thumb Code    80  stm32f4xx_adc.o(.text)
    ADC_DiscModeChannelCountConfig           0x0800fe5d   Thumb Code   100  stm32f4xx_adc.o(.text)
    ADC_DiscModeCmd                          0x0800fec1   Thumb Code    80  stm32f4xx_adc.o(.text)
    ADC_GetConversionValue                   0x0800ff11   Thumb Code    42  stm32f4xx_adc.o(.text)
    ADC_GetMultiModeConversionValue          0x0800ff3b   Thumb Code     6  stm32f4xx_adc.o(.text)
    ADC_DMACmd                               0x0800ff41   Thumb Code    80  stm32f4xx_adc.o(.text)
    ADC_DMARequestAfterLastTransferCmd       0x0800ff91   Thumb Code    80  stm32f4xx_adc.o(.text)
    ADC_MultiModeDMARequestAfterLastTransferCmd 0x0800ffe1   Thumb Code    62  stm32f4xx_adc.o(.text)
    ADC_InjectedChannelConfig                0x0801001f   Thumb Code   340  stm32f4xx_adc.o(.text)
    ADC_InjectedSequencerLengthConfig        0x08010173   Thumb Code    84  stm32f4xx_adc.o(.text)
    ADC_SetInjectedOffset                    0x080101c7   Thumb Code   108  stm32f4xx_adc.o(.text)
    ADC_ExternalTrigInjectedConvConfig       0x08010233   Thumb Code   174  stm32f4xx_adc.o(.text)
    ADC_ExternalTrigInjectedConvEdgeConfig   0x080102e1   Thumb Code    86  stm32f4xx_adc.o(.text)
    ADC_SoftwareStartInjectedConv            0x08010337   Thumb Code    46  stm32f4xx_adc.o(.text)
    ADC_GetSoftwareStartInjectedConvCmdStatus 0x08010365   Thumb Code    56  stm32f4xx_adc.o(.text)
    ADC_AutoInjectedConvCmd                  0x0801039d   Thumb Code    80  stm32f4xx_adc.o(.text)
    ADC_InjectedDiscModeCmd                  0x080103ed   Thumb Code    80  stm32f4xx_adc.o(.text)
    ADC_GetInjectedConversionValue           0x0801043d   Thumb Code    92  stm32f4xx_adc.o(.text)
    ADC_ITConfig                             0x08010499   Thumb Code   136  stm32f4xx_adc.o(.text)
    ADC_GetFlagStatus                        0x08010521   Thumb Code    94  stm32f4xx_adc.o(.text)
    ADC_ClearFlag                            0x0801057f   Thumb Code    66  stm32f4xx_adc.o(.text)
    ADC_GetITStatus                          0x080105c1   Thumb Code   126  stm32f4xx_adc.o(.text)
    ADC_ClearITPendingBit                    0x0801063f   Thumb Code    92  stm32f4xx_adc.o(.text)
    DMA_DeInit                               0x080106a9   Thumb Code   462  stm32f4xx_dma.o(.text)
    DMA_Init                                 0x08010877   Thumb Code   744  stm32f4xx_dma.o(.text)
    DMA_StructInit                           0x08010b5f   Thumb Code    34  stm32f4xx_dma.o(.text)
    DMA_Cmd                                  0x08010b81   Thumb Code   186  stm32f4xx_dma.o(.text)
    DMA_PeriphIncOffsetSizeConfig            0x08010c3b   Thumb Code   188  stm32f4xx_dma.o(.text)
    DMA_FlowControllerConfig                 0x08010cf7   Thumb Code   186  stm32f4xx_dma.o(.text)
    DMA_SetCurrDataCounter                   0x08010db1   Thumb Code   148  stm32f4xx_dma.o(.text)
    DMA_GetCurrDataCounter                   0x08010e45   Thumb Code   148  stm32f4xx_dma.o(.text)
    DMA_DoubleBufferModeConfig               0x08010ed9   Thumb Code   204  stm32f4xx_dma.o(.text)
    DMA_DoubleBufferModeCmd                  0x08010fa5   Thumb Code   186  stm32f4xx_dma.o(.text)
    DMA_MemoryTargetConfig                   0x0801105f   Thumb Code   178  stm32f4xx_dma.o(.text)
    DMA_GetCurrentMemoryTarget               0x08011111   Thumb Code   162  stm32f4xx_dma.o(.text)
    DMA_GetCmdStatus                         0x080111b3   Thumb Code   162  stm32f4xx_dma.o(.text)
    DMA_GetFIFOStatus                        0x08011255   Thumb Code   154  stm32f4xx_dma.o(.text)
    DMA_GetFlagStatus                        0x080112ef   Thumb Code   486  stm32f4xx_dma.o(.text)
    DMA_ClearFlag                            0x080114d5   Thumb Code   220  stm32f4xx_dma.o(.text)
    DMA_ITConfig                             0x080115b1   Thumb Code   244  stm32f4xx_dma.o(.text)
    DMA_GetITStatus                          0x080116a5   Thumb Code   590  stm32f4xx_dma.o(.text)
    DMA_ClearITPendingBit                    0x080118f3   Thumb Code   222  stm32f4xx_dma.o(.text)
    EXTI_DeInit                              0x08011a75   Thumb Code    28  stm32f4xx_exti.o(.text)
    EXTI_Init                                0x08011a91   Thumb Code   236  stm32f4xx_exti.o(.text)
    EXTI_StructInit                          0x08011b7d   Thumb Code    16  stm32f4xx_exti.o(.text)
    EXTI_GenerateSWInterrupt                 0x08011b8d   Thumb Code    38  stm32f4xx_exti.o(.text)
    EXTI_GetFlagStatus                       0x08011bb3   Thumb Code   158  stm32f4xx_exti.o(.text)
    EXTI_ClearFlag                           0x08011c51   Thumb Code    30  stm32f4xx_exti.o(.text)
    EXTI_GetITStatus                         0x08011c6f   Thumb Code   172  stm32f4xx_exti.o(.text)
    EXTI_ClearITPendingBit                   0x08011d1b   Thumb Code    32  stm32f4xx_exti.o(.text)
    GPIO_DeInit                              0x08011d81   Thumb Code   284  stm32f4xx_gpio.o(.text)
    GPIO_Init                                0x08011e9d   Thumb Code   342  stm32f4xx_gpio.o(.text)
    GPIO_StructInit                          0x08011ff3   Thumb Code    18  stm32f4xx_gpio.o(.text)
    GPIO_PinLockConfig                       0x08012005   Thumb Code   122  stm32f4xx_gpio.o(.text)
    GPIO_ReadInputDataBit                    0x0801207f   Thumb Code   182  stm32f4xx_gpio.o(.text)
    GPIO_ReadInputData                       0x08012135   Thumb Code   174  stm32f4xx_gpio.o(.text)
    GPIO_ReadOutputDataBit                   0x080121e3   Thumb Code   186  stm32f4xx_gpio.o(.text)
    GPIO_ReadOutputData                      0x0801229d   Thumb Code    78  stm32f4xx_gpio.o(.text)
    GPIO_SetBits                             0x080122eb   Thumb Code    98  stm32f4xx_gpio.o(.text)
    GPIO_ResetBits                           0x0801234d   Thumb Code    98  stm32f4xx_gpio.o(.text)
    GPIO_WriteBit                            0x080123af   Thumb Code   200  stm32f4xx_gpio.o(.text)
    GPIO_Write                               0x08012477   Thumb Code    78  stm32f4xx_gpio.o(.text)
    GPIO_ToggleBits                          0x080124c5   Thumb Code    82  stm32f4xx_gpio.o(.text)
    GPIO_PinAFConfig                         0x08012517   Thumb Code   384  stm32f4xx_gpio.o(.text)
    RCC_DeInit                               0x08012699   Thumb Code    60  stm32f4xx_rcc.o(.text)
    RCC_HSEConfig                            0x080126d5   Thumb Code    38  stm32f4xx_rcc.o(.text)
    RCC_GetFlagStatus                        0x080126fb   Thumb Code   130  stm32f4xx_rcc.o(.text)
    RCC_WaitForHSEStartUp                    0x0801277d   Thumb Code    56  stm32f4xx_rcc.o(.text)
    RCC_AdjustHSICalibrationValue            0x080127b5   Thumb Code    38  stm32f4xx_rcc.o(.text)
    RCC_HSICmd                               0x080127db   Thumb Code    28  stm32f4xx_rcc.o(.text)
    RCC_LSEConfig                            0x080127f7   Thumb Code    72  stm32f4xx_rcc.o(.text)
    RCC_LSICmd                               0x0801283f   Thumb Code    28  stm32f4xx_rcc.o(.text)
    RCC_PLLConfig                            0x0801285b   Thumb Code   156  stm32f4xx_rcc.o(.text)
    RCC_PLLCmd                               0x080128f7   Thumb Code    28  stm32f4xx_rcc.o(.text)
    RCC_PLLI2SConfig                         0x08012913   Thumb Code    62  stm32f4xx_rcc.o(.text)
    RCC_PLLI2SCmd                            0x08012951   Thumb Code    28  stm32f4xx_rcc.o(.text)
    RCC_ClockSecuritySystemCmd               0x0801296d   Thumb Code    28  stm32f4xx_rcc.o(.text)
    RCC_MCO1Config                           0x08012989   Thumb Code   102  stm32f4xx_rcc.o(.text)
    RCC_MCO2Config                           0x080129ef   Thumb Code   102  stm32f4xx_rcc.o(.text)
    RCC_SYSCLKConfig                         0x08012a55   Thumb Code   124  stm32f4xx_rcc.o(.text)
    RCC_GetSYSCLKSource                      0x08012ad1   Thumb Code    10  stm32f4xx_rcc.o(.text)
    RCC_HCLKConfig                           0x08012adb   Thumb Code    68  stm32f4xx_rcc.o(.text)
    RCC_PCLK1Config                          0x08012b1f   Thumb Code    60  stm32f4xx_rcc.o(.text)
    RCC_PCLK2Config                          0x08012b5b   Thumb Code    62  stm32f4xx_rcc.o(.text)
    RCC_GetClocksFreq                        0x08012b99   Thumb Code   214  stm32f4xx_rcc.o(.text)
    RCC_RTCCLKConfig                         0x08012c6f   Thumb Code   262  stm32f4xx_rcc.o(.text)
    RCC_RTCCLKCmd                            0x08012d75   Thumb Code    30  stm32f4xx_rcc.o(.text)
    RCC_BackupResetCmd                       0x08012d93   Thumb Code    32  stm32f4xx_rcc.o(.text)
    RCC_I2SCLKConfig                         0x08012db3   Thumb Code    30  stm32f4xx_rcc.o(.text)
    RCC_AHB1PeriphClockCmd                   0x08012dd1   Thumb Code    82  stm32f4xx_rcc.o(.text)
    RCC_AHB2PeriphClockCmd                   0x08012e23   Thumb Code    82  stm32f4xx_rcc.o(.text)
    RCC_AHB3PeriphClockCmd                   0x08012e75   Thumb Code   232  stm32f4xx_rcc.o(.text)
    RCC_APB1PeriphClockCmd                   0x08012f5d   Thumb Code    82  stm32f4xx_rcc.o(.text)
    RCC_APB2PeriphClockCmd                   0x08012faf   Thumb Code    82  stm32f4xx_rcc.o(.text)
    RCC_AHB1PeriphResetCmd                   0x08013001   Thumb Code    82  stm32f4xx_rcc.o(.text)
    RCC_AHB2PeriphResetCmd                   0x08013053   Thumb Code    82  stm32f4xx_rcc.o(.text)
    RCC_AHB3PeriphResetCmd                   0x080130a5   Thumb Code    82  stm32f4xx_rcc.o(.text)
    RCC_APB1PeriphResetCmd                   0x080130f7   Thumb Code    82  stm32f4xx_rcc.o(.text)
    RCC_APB2PeriphResetCmd                   0x08013149   Thumb Code    82  stm32f4xx_rcc.o(.text)
    RCC_AHB1PeriphClockLPModeCmd             0x0801319b   Thumb Code    82  stm32f4xx_rcc.o(.text)
    RCC_AHB2PeriphClockLPModeCmd             0x080131ed   Thumb Code    82  stm32f4xx_rcc.o(.text)
    RCC_AHB3PeriphClockLPModeCmd             0x0801323f   Thumb Code    82  stm32f4xx_rcc.o(.text)
    RCC_APB1PeriphClockLPModeCmd             0x08013291   Thumb Code    82  stm32f4xx_rcc.o(.text)
    RCC_APB2PeriphClockLPModeCmd             0x080132e3   Thumb Code   106  stm32f4xx_rcc.o(.text)
    RCC_ITConfig                             0x0801334d   Thumb Code    74  stm32f4xx_rcc.o(.text)
    RCC_ClearFlag                            0x08013397   Thumb Code    18  stm32f4xx_rcc.o(.text)
    RCC_GetITStatus                          0x080133a9   Thumb Code    68  stm32f4xx_rcc.o(.text)
    RCC_ClearITPendingBit                    0x080133ed   Thumb Code    34  stm32f4xx_rcc.o(.text)
    SPI_I2S_DeInit                           0x08013415   Thumb Code   104  stm32f4xx_spi.o(.text)
    SPI_Init                                 0x0801347d   Thumb Code   348  stm32f4xx_spi.o(.text)
    I2S_Init                                 0x080135d9   Thumb Code   508  stm32f4xx_spi.o(.text)
    SPI_StructInit                           0x080137d5   Thumb Code    24  stm32f4xx_spi.o(.text)
    I2S_StructInit                           0x080137ed   Thumb Code   104  stm32f4xx_spi.o(.text)
    SPI_Cmd                                  0x08013855   Thumb Code    82  stm32f4xx_spi.o(.text)
    I2S_Cmd                                  0x080138a7   Thumb Code    88  stm32f4xx_spi.o(.text)
    SPI_DataSizeConfig                       0x080138ff   Thumb Code    78  stm32f4xx_spi.o(.text)
    SPI_BiDirectionalLineConfig              0x0801394d   Thumb Code    94  stm32f4xx_spi.o(.text)
    SPI_NSSInternalSoftwareConfig            0x080139ab   Thumb Code    96  stm32f4xx_spi.o(.text)
    SPI_SSOutputCmd                          0x08013a0b   Thumb Code    82  stm32f4xx_spi.o(.text)
    SPI_TIModeCmd                            0x08013a5d   Thumb Code    82  stm32f4xx_spi.o(.text)
    I2S_FullDuplexConfig                     0x08013aaf   Thumb Code   258  stm32f4xx_spi.o(.text)
    SPI_I2S_ReceiveData                      0x08013bb1   Thumb Code    52  stm32f4xx_spi.o(.text)
    SPI_I2S_SendData                         0x08013be5   Thumb Code    54  stm32f4xx_spi.o(.text)
    SPI_CalculateCRC                         0x08013c1b   Thumb Code    98  stm32f4xx_spi.o(.text)
    SPI_TransmitCRC                          0x08013c7d   Thumb Code    46  stm32f4xx_spi.o(.text)
    SPI_GetCRC                               0x08013cab   Thumb Code    74  stm32f4xx_spi.o(.text)
    SPI_GetCRCPolynomial                     0x08013cf5   Thumb Code    40  stm32f4xx_spi.o(.text)
    SPI_I2S_DMACmd                           0x08013d1d   Thumb Code   114  stm32f4xx_spi.o(.text)
    SPI_I2S_ITConfig                         0x08013d8f   Thumb Code   138  stm32f4xx_spi.o(.text)
    SPI_I2S_GetFlagStatus                    0x08013e19   Thumb Code   120  stm32f4xx_spi.o(.text)
    SPI_I2S_ClearFlag                        0x08013e91   Thumb Code    74  stm32f4xx_spi.o(.text)
    SPI_I2S_GetITStatus                      0x08013edb   Thumb Code   154  stm32f4xx_spi.o(.text)
    SPI_I2S_ClearITPendingBit                0x08013f75   Thumb Code    86  stm32f4xx_spi.o(.text)
    TIM_DeInit                               0x08013fdd   Thumb Code   440  stm32f4xx_tim.o(.text)
    TIM_TimeBaseInit                         0x08014195   Thumb Code   278  stm32f4xx_tim.o(.text)
    TIM_TimeBaseStructInit                   0x080142ab   Thumb Code    18  stm32f4xx_tim.o(.text)
    TIM_PrescalerConfig                      0x080142bd   Thumb Code   128  stm32f4xx_tim.o(.text)
    TIM_CounterModeConfig                    0x0801433d   Thumb Code   100  stm32f4xx_tim.o(.text)
    TIM_SetCounter                           0x080143a1   Thumb Code   222  stm32f4xx_tim.o(.text)
    TIM_SetAutoreload                        0x0801447f   Thumb Code   108  stm32f4xx_tim.o(.text)
    TIM_GetCounter                           0x080144eb   Thumb Code   106  stm32f4xx_tim.o(.text)
    TIM_GetPrescaler                         0x08014555   Thumb Code   106  stm32f4xx_tim.o(.text)
    TIM_UpdateDisableConfig                  0x080145bf   Thumb Code   148  stm32f4xx_tim.o(.text)
    TIM_UpdateRequestConfig                  0x08014653   Thumb Code   148  stm32f4xx_tim.o(.text)
    TIM_ARRPreloadConfig                     0x080146e7   Thumb Code   148  stm32f4xx_tim.o(.text)
    TIM_SelectOnePulseMode                   0x0801477b   Thumb Code   142  stm32f4xx_tim.o(.text)
    TIM_SetClockDivision                     0x08014809   Thumb Code   192  stm32f4xx_tim.o(.text)
    TIM_Cmd                                  0x080148c9   Thumb Code   148  stm32f4xx_tim.o(.text)
    TIM_OC1Init                              0x0801495d   Thumb Code   416  stm32f4xx_tim.o(.text)
    TIM_OC2Init                              0x08014afd   Thumb Code   486  stm32f4xx_tim.o(.text)
    TIM_OC3Init                              0x08014ce3   Thumb Code   416  stm32f4xx_tim.o(.text)
    TIM_OC4Init                              0x08014e83   Thumb Code   300  stm32f4xx_tim.o(.text)
    TIM_OCStructInit                         0x08014faf   Thumb Code    20  stm32f4xx_tim.o(.text)
    TIM_SelectOCxM                           0x08014fc3   Thumb Code   256  stm32f4xx_tim.o(.text)
    TIM_SetCompare1                          0x080150c3   Thumb Code   142  stm32f4xx_tim.o(.text)
    TIM_SetCompare2                          0x08015151   Thumb Code    72  stm32f4xx_tim.o(.text)
    TIM_SetCompare3                          0x08015199   Thumb Code    60  stm32f4xx_tim.o(.text)
    TIM_SetCompare4                          0x080151d5   Thumb Code    60  stm32f4xx_tim.o(.text)
    TIM_ForcedOC1Config                      0x08015211   Thumb Code   130  stm32f4xx_tim.o(.text)
    TIM_ForcedOC2Config                      0x08015293   Thumb Code   114  stm32f4xx_tim.o(.text)
    TIM_ForcedOC3Config                      0x08015305   Thumb Code    94  stm32f4xx_tim.o(.text)
    TIM_ForcedOC4Config                      0x08015363   Thumb Code   102  stm32f4xx_tim.o(.text)
    TIM_OC1PreloadConfig                     0x080153c9   Thumb Code   124  stm32f4xx_tim.o(.text)
    TIM_OC2PreloadConfig                     0x08015445   Thumb Code   108  stm32f4xx_tim.o(.text)
    TIM_OC3PreloadConfig                     0x080154b1   Thumb Code   136  stm32f4xx_tim.o(.text)
    TIM_OC4PreloadConfig                     0x08015539   Thumb Code    96  stm32f4xx_tim.o(.text)
    TIM_OC1FastConfig                        0x08015599   Thumb Code   124  stm32f4xx_tim.o(.text)
    TIM_OC2FastConfig                        0x08015615   Thumb Code   108  stm32f4xx_tim.o(.text)
    TIM_OC3FastConfig                        0x08015681   Thumb Code    88  stm32f4xx_tim.o(.text)
    TIM_OC4FastConfig                        0x080156d9   Thumb Code    96  stm32f4xx_tim.o(.text)
    TIM_ClearOC1Ref                          0x08015739   Thumb Code   124  stm32f4xx_tim.o(.text)
    TIM_ClearOC2Ref                          0x080157b5   Thumb Code   106  stm32f4xx_tim.o(.text)
    TIM_ClearOC3Ref                          0x0801581f   Thumb Code    88  stm32f4xx_tim.o(.text)
    TIM_ClearOC4Ref                          0x08015877   Thumb Code    94  stm32f4xx_tim.o(.text)
    TIM_OC1PolarityConfig                    0x080158d5   Thumb Code   174  stm32f4xx_tim.o(.text)
    TIM_OC1NPolarityConfig                   0x08015983   Thumb Code    64  stm32f4xx_tim.o(.text)
    TIM_OC2PolarityConfig                    0x080159c3   Thumb Code   108  stm32f4xx_tim.o(.text)
    TIM_OC2NPolarityConfig                   0x08015a2f   Thumb Code    72  stm32f4xx_tim.o(.text)
    TIM_OC3PolarityConfig                    0x08015a77   Thumb Code    96  stm32f4xx_tim.o(.text)
    TIM_OC3NPolarityConfig                   0x08015ad7   Thumb Code    72  stm32f4xx_tim.o(.text)
    TIM_OC4PolarityConfig                    0x08015b1f   Thumb Code    96  stm32f4xx_tim.o(.text)
    TIM_CCxCmd                               0x08015b7f   Thumb Code   168  stm32f4xx_tim.o(.text)
    TIM_CCxNCmd                              0x08015c27   Thumb Code   104  stm32f4xx_tim.o(.text)
    TIM_SetIC4Prescaler                      0x08015c8f   Thumb Code   106  stm32f4xx_tim.o(.text)
    TIM_SetIC3Prescaler                      0x08015d79   Thumb Code    98  stm32f4xx_tim.o(.text)
    TIM_SetIC2Prescaler                      0x08015e23   Thumb Code   118  stm32f4xx_tim.o(.text)
    TIM_SetIC1Prescaler                      0x08015ee9   Thumb Code   134  stm32f4xx_tim.o(.text)
    TIM_ICInit                               0x08015fa9   Thumb Code   508  stm32f4xx_tim.o(.text)
    TIM_ICStructInit                         0x080161a5   Thumb Code    18  stm32f4xx_tim.o(.text)
    TIM_PWMIConfig                           0x080161b7   Thumb Code   184  stm32f4xx_tim.o(.text)
    TIM_GetCapture1                          0x0801626f   Thumb Code    92  stm32f4xx_tim.o(.text)
    TIM_GetCapture2                          0x080162cb   Thumb Code    68  stm32f4xx_tim.o(.text)
    TIM_GetCapture3                          0x0801630f   Thumb Code    56  stm32f4xx_tim.o(.text)
    TIM_GetCapture4                          0x08016347   Thumb Code    56  stm32f4xx_tim.o(.text)
    TIM_BDTRConfig                           0x0801637f   Thumb Code   222  stm32f4xx_tim.o(.text)
    TIM_BDTRStructInit                       0x0801645d   Thumb Code    18  stm32f4xx_tim.o(.text)
    TIM_CtrlPWMOutputs                       0x0801646f   Thumb Code    78  stm32f4xx_tim.o(.text)
    TIM_SelectCOM                            0x080164bd   Thumb Code    72  stm32f4xx_tim.o(.text)
    TIM_CCPreloadControl                     0x08016505   Thumb Code    72  stm32f4xx_tim.o(.text)
    TIM_ITConfig                             0x0801654d   Thumb Code   218  stm32f4xx_tim.o(.text)
    TIM_GenerateEvent                        0x08016627   Thumb Code   126  stm32f4xx_tim.o(.text)
    TIM_GetFlagStatus                        0x080166a5   Thumb Code   188  stm32f4xx_tim.o(.text)
    TIM_ClearFlag                            0x08016761   Thumb Code   108  stm32f4xx_tim.o(.text)
    TIM_GetITStatus                          0x080167cd   Thumb Code   186  stm32f4xx_tim.o(.text)
    TIM_ClearITPendingBit                    0x08016887   Thumb Code   108  stm32f4xx_tim.o(.text)
    TIM_DMAConfig                            0x080168f3   Thumb Code   334  stm32f4xx_tim.o(.text)
    TIM_DMACmd                               0x08016a41   Thumb Code   126  stm32f4xx_tim.o(.text)
    TIM_SelectCCDMA                          0x08016abf   Thumb Code    96  stm32f4xx_tim.o(.text)
    TIM_InternalClockConfig                  0x08016b1f   Thumb Code    76  stm32f4xx_tim.o(.text)
    TIM_SelectInputTrigger                   0x08016b6b   Thumb Code   148  stm32f4xx_tim.o(.text)
    TIM_ITRxExternalClockConfig              0x08016bff   Thumb Code   110  stm32f4xx_tim.o(.text)
    TIM_TIxExternalClockConfig               0x08016c6d   Thumb Code   184  stm32f4xx_tim.o(.text)
    TIM_ETRConfig                            0x08016d25   Thumb Code   164  stm32f4xx_tim.o(.text)
    TIM_ETRClockMode1Config                  0x08016dc9   Thumb Code   228  stm32f4xx_tim.o(.text)
    TIM_ETRClockMode2Config                  0x08016ead   Thumb Code   152  stm32f4xx_tim.o(.text)
    TIM_SelectOutputTrigger                  0x08016f45   Thumb Code   126  stm32f4xx_tim.o(.text)
    TIM_SelectSlaveMode                      0x08016fc3   Thumb Code   112  stm32f4xx_tim.o(.text)
    TIM_SelectMasterSlaveMode                0x08017033   Thumb Code   102  stm32f4xx_tim.o(.text)
    TIM_EncoderInterfaceConfig               0x08017099   Thumb Code   226  stm32f4xx_tim.o(.text)
    TIM_SelectHallSensor                     0x0801717b   Thumb Code   108  stm32f4xx_tim.o(.text)
    TIM_RemapConfig                          0x080171e7   Thumb Code   138  stm32f4xx_tim.o(.text)
    USART_DeInit                             0x08017271   Thumb Code   202  stm32f4xx_usart.o(.text)
    USART_Init                               0x0801733b   Thumb Code   456  stm32f4xx_usart.o(.text)
    USART_StructInit                         0x08017503   Thumb Code    24  stm32f4xx_usart.o(.text)
    USART_ClockInit                          0x0801751b   Thumb Code   166  stm32f4xx_usart.o(.text)
    USART_ClockStructInit                    0x080175c1   Thumb Code    12  stm32f4xx_usart.o(.text)
    USART_Cmd                                0x080175cd   Thumb Code    96  stm32f4xx_usart.o(.text)
    USART_SetPrescaler                       0x0801762d   Thumb Code   160  stm32f4xx_usart.o(.text)
    USART_OverSampling8Cmd                   0x080176cd   Thumb Code    98  stm32f4xx_usart.o(.text)
    USART_OneBitMethodCmd                    0x0801772f   Thumb Code   100  stm32f4xx_usart.o(.text)
    USART_SendData                           0x08017793   Thumb Code    84  stm32f4xx_usart.o(.text)
    USART_ReceiveData                        0x080177e7   Thumb Code    62  stm32f4xx_usart.o(.text)
    USART_SetAddress                         0x08017825   Thumb Code    92  stm32f4xx_usart.o(.text)
    USART_ReceiverWakeUpCmd                  0x08017881   Thumb Code   100  stm32f4xx_usart.o(.text)
    USART_WakeUpConfig                       0x080178e5   Thumb Code    96  stm32f4xx_usart.o(.text)
    USART_LINBreakDetectLengthConfig         0x08017945   Thumb Code    94  stm32f4xx_usart.o(.text)
    USART_LINCmd                             0x080179a3   Thumb Code   100  stm32f4xx_usart.o(.text)
    USART_SendBreak                          0x08017a07   Thumb Code    64  stm32f4xx_usart.o(.text)
    USART_HalfDuplexCmd                      0x08017a47   Thumb Code   100  stm32f4xx_usart.o(.text)
    USART_SetGuardTime                       0x08017aab   Thumb Code    86  stm32f4xx_usart.o(.text)
    USART_SmartCardCmd                       0x08017b01   Thumb Code    88  stm32f4xx_usart.o(.text)
    USART_SmartCardNACKCmd                   0x08017b59   Thumb Code    88  stm32f4xx_usart.o(.text)
    USART_IrDAConfig                         0x08017bb1   Thumb Code    94  stm32f4xx_usart.o(.text)
    USART_IrDACmd                            0x08017c0f   Thumb Code   100  stm32f4xx_usart.o(.text)
    USART_DMACmd                             0x08017c73   Thumb Code   120  stm32f4xx_usart.o(.text)
    USART_ITConfig                           0x08017ceb   Thumb Code   268  stm32f4xx_usart.o(.text)
    USART_GetFlagStatus                      0x08017df7   Thumb Code   176  stm32f4xx_usart.o(.text)
    USART_ClearFlag                          0x08017ea7   Thumb Code   160  stm32f4xx_usart.o(.text)
    USART_GetITStatus                        0x08017f47   Thumb Code   284  stm32f4xx_usart.o(.text)
    USART_ClearITPendingBit                  0x08018063   Thumb Code   170  stm32f4xx_usart.o(.text)
    SystemInit                               0x08018201   Thumb Code    88  system_stm32f4xx.o(.text)
    SystemCoreClockUpdate                    0x08018259   Thumb Code   174  system_stm32f4xx.o(.text)
    Reset_Handler                            0x08018335   Thumb Code     8  startup_stm32f4xx.o(.text)
    HardFault_Handler                        0x0801833f   Thumb Code     2  startup_stm32f4xx.o(.text)
    PendSV_Handler                           0x0801834b   Thumb Code     2  startup_stm32f4xx.o(.text)
    ADC_IRQHandler                           0x0801834f   Thumb Code     0  startup_stm32f4xx.o(.text)
    CAN1_RX0_IRQHandler                      0x0801834f   Thumb Code     0  startup_stm32f4xx.o(.text)
    CAN1_RX1_IRQHandler                      0x0801834f   Thumb Code     0  startup_stm32f4xx.o(.text)
    CAN1_SCE_IRQHandler                      0x0801834f   Thumb Code     0  startup_stm32f4xx.o(.text)
    CAN1_TX_IRQHandler                       0x0801834f   Thumb Code     0  startup_stm32f4xx.o(.text)
    CAN2_RX0_IRQHandler                      0x0801834f   Thumb Code     0  startup_stm32f4xx.o(.text)
    CAN2_RX1_IRQHandler                      0x0801834f   Thumb Code     0  startup_stm32f4xx.o(.text)
    CAN2_SCE_IRQHandler                      0x0801834f   Thumb Code     0  startup_stm32f4xx.o(.text)
    CAN2_TX_IRQHandler                       0x0801834f   Thumb Code     0  startup_stm32f4xx.o(.text)
    CRYP_IRQHandler                          0x0801834f   Thumb Code     0  startup_stm32f4xx.o(.text)
    DCMI_IRQHandler                          0x0801834f   Thumb Code     0  startup_stm32f4xx.o(.text)
    DMA1_Stream0_IRQHandler                  0x0801834f   Thumb Code     0  startup_stm32f4xx.o(.text)
    DMA1_Stream1_IRQHandler                  0x0801834f   Thumb Code     0  startup_stm32f4xx.o(.text)
    DMA1_Stream2_IRQHandler                  0x0801834f   Thumb Code     0  startup_stm32f4xx.o(.text)
    DMA1_Stream3_IRQHandler                  0x0801834f   Thumb Code     0  startup_stm32f4xx.o(.text)
    DMA1_Stream4_IRQHandler                  0x0801834f   Thumb Code     0  startup_stm32f4xx.o(.text)
    DMA1_Stream5_IRQHandler                  0x0801834f   Thumb Code     0  startup_stm32f4xx.o(.text)
    DMA1_Stream6_IRQHandler                  0x0801834f   Thumb Code     0  startup_stm32f4xx.o(.text)
    DMA1_Stream7_IRQHandler                  0x0801834f   Thumb Code     0  startup_stm32f4xx.o(.text)
    DMA2_Stream0_IRQHandler                  0x0801834f   Thumb Code     0  startup_stm32f4xx.o(.text)
    DMA2_Stream1_IRQHandler                  0x0801834f   Thumb Code     0  startup_stm32f4xx.o(.text)
    DMA2_Stream2_IRQHandler                  0x0801834f   Thumb Code     0  startup_stm32f4xx.o(.text)
    DMA2_Stream3_IRQHandler                  0x0801834f   Thumb Code     0  startup_stm32f4xx.o(.text)
    DMA2_Stream4_IRQHandler                  0x0801834f   Thumb Code     0  startup_stm32f4xx.o(.text)
    DMA2_Stream5_IRQHandler                  0x0801834f   Thumb Code     0  startup_stm32f4xx.o(.text)
    DMA2_Stream6_IRQHandler                  0x0801834f   Thumb Code     0  startup_stm32f4xx.o(.text)
    DMA2_Stream7_IRQHandler                  0x0801834f   Thumb Code     0  startup_stm32f4xx.o(.text)
    ETH_IRQHandler                           0x0801834f   Thumb Code     0  startup_stm32f4xx.o(.text)
    ETH_WKUP_IRQHandler                      0x0801834f   Thumb Code     0  startup_stm32f4xx.o(.text)
    EXTI0_IRQHandler                         0x0801834f   Thumb Code     0  startup_stm32f4xx.o(.text)
    EXTI15_10_IRQHandler                     0x0801834f   Thumb Code     0  startup_stm32f4xx.o(.text)
    EXTI1_IRQHandler                         0x0801834f   Thumb Code     0  startup_stm32f4xx.o(.text)
    EXTI2_IRQHandler                         0x0801834f   Thumb Code     0  startup_stm32f4xx.o(.text)
    EXTI3_IRQHandler                         0x0801834f   Thumb Code     0  startup_stm32f4xx.o(.text)
    EXTI4_IRQHandler                         0x0801834f   Thumb Code     0  startup_stm32f4xx.o(.text)
    FLASH_IRQHandler                         0x0801834f   Thumb Code     0  startup_stm32f4xx.o(.text)
    FPU_IRQHandler                           0x0801834f   Thumb Code     0  startup_stm32f4xx.o(.text)
    FSMC_IRQHandler                          0x0801834f   Thumb Code     0  startup_stm32f4xx.o(.text)
    HASH_RNG_IRQHandler                      0x0801834f   Thumb Code     0  startup_stm32f4xx.o(.text)
    I2C1_ER_IRQHandler                       0x0801834f   Thumb Code     0  startup_stm32f4xx.o(.text)
    I2C1_EV_IRQHandler                       0x0801834f   Thumb Code     0  startup_stm32f4xx.o(.text)
    I2C2_ER_IRQHandler                       0x0801834f   Thumb Code     0  startup_stm32f4xx.o(.text)
    I2C2_EV_IRQHandler                       0x0801834f   Thumb Code     0  startup_stm32f4xx.o(.text)
    I2C3_ER_IRQHandler                       0x0801834f   Thumb Code     0  startup_stm32f4xx.o(.text)
    I2C3_EV_IRQHandler                       0x0801834f   Thumb Code     0  startup_stm32f4xx.o(.text)
    OTG_FS_WKUP_IRQHandler                   0x0801834f   Thumb Code     0  startup_stm32f4xx.o(.text)
    OTG_HS_EP1_IN_IRQHandler                 0x0801834f   Thumb Code     0  startup_stm32f4xx.o(.text)
    OTG_HS_EP1_OUT_IRQHandler                0x0801834f   Thumb Code     0  startup_stm32f4xx.o(.text)
    OTG_HS_IRQHandler                        0x0801834f   Thumb Code     0  startup_stm32f4xx.o(.text)
    OTG_HS_WKUP_IRQHandler                   0x0801834f   Thumb Code     0  startup_stm32f4xx.o(.text)
    PVD_IRQHandler                           0x0801834f   Thumb Code     0  startup_stm32f4xx.o(.text)
    RCC_IRQHandler                           0x0801834f   Thumb Code     0  startup_stm32f4xx.o(.text)
    RTC_Alarm_IRQHandler                     0x0801834f   Thumb Code     0  startup_stm32f4xx.o(.text)
    RTC_WKUP_IRQHandler                      0x0801834f   Thumb Code     0  startup_stm32f4xx.o(.text)
    SDIO_IRQHandler                          0x0801834f   Thumb Code     0  startup_stm32f4xx.o(.text)
    SPI1_IRQHandler                          0x0801834f   Thumb Code     0  startup_stm32f4xx.o(.text)
    SPI2_IRQHandler                          0x0801834f   Thumb Code     0  startup_stm32f4xx.o(.text)
    SPI3_IRQHandler                          0x0801834f   Thumb Code     0  startup_stm32f4xx.o(.text)
    TAMP_STAMP_IRQHandler                    0x0801834f   Thumb Code     0  startup_stm32f4xx.o(.text)
    TIM1_BRK_TIM9_IRQHandler                 0x0801834f   Thumb Code     0  startup_stm32f4xx.o(.text)
    TIM1_CC_IRQHandler                       0x0801834f   Thumb Code     0  startup_stm32f4xx.o(.text)
    TIM1_TRG_COM_TIM11_IRQHandler            0x0801834f   Thumb Code     0  startup_stm32f4xx.o(.text)
    TIM1_UP_TIM10_IRQHandler                 0x0801834f   Thumb Code     0  startup_stm32f4xx.o(.text)
    TIM2_IRQHandler                          0x0801834f   Thumb Code     0  startup_stm32f4xx.o(.text)
    TIM5_IRQHandler                          0x0801834f   Thumb Code     0  startup_stm32f4xx.o(.text)
    TIM6_DAC_IRQHandler                      0x0801834f   Thumb Code     0  startup_stm32f4xx.o(.text)
    TIM7_IRQHandler                          0x0801834f   Thumb Code     0  startup_stm32f4xx.o(.text)
    TIM8_BRK_TIM12_IRQHandler                0x0801834f   Thumb Code     0  startup_stm32f4xx.o(.text)
    TIM8_CC_IRQHandler                       0x0801834f   Thumb Code     0  startup_stm32f4xx.o(.text)
    TIM8_TRG_COM_TIM14_IRQHandler            0x0801834f   Thumb Code     0  startup_stm32f4xx.o(.text)
    TIM8_UP_TIM13_IRQHandler                 0x0801834f   Thumb Code     0  startup_stm32f4xx.o(.text)
    WWDG_IRQHandler                          0x0801834f   Thumb Code     0  startup_stm32f4xx.o(.text)
    usbd_init                                0x08018359   Thumb Code    22  usbd_core.o(.text)
    usbd_connect                             0x0801836f   Thumb Code    12  usbd_core.o(.text)
    usbd_reset_core                          0x0801837b   Thumb Code    38  usbd_core.o(.text)
    usbd_configured                          0x080183a1   Thumb Code    14  usbd_core.o(.text)
    USBD_SetupStage                          0x080183af   Thumb Code    12  usbd_core.o(.text)
    USBD_DataInStage                         0x080183bb   Thumb Code    66  usbd_core.o(.text)
    USBD_DataOutStage                        0x080183fd   Thumb Code    34  usbd_core.o(.text)
    USBD_StatusInStage                       0x0801841f   Thumb Code    14  usbd_core.o(.text)
    USBD_StatusOutStage                      0x0801842d   Thumb Code    12  usbd_core.o(.text)
    USBD_ReqGetStatus                        0x08018439   Thumb Code   160  usbd_core.o(.text)
    USBD_ReqSetClrFeature                    0x080184d9   Thumb Code   216  usbd_core.o(.text)
    USBD_ReqGetDescriptor                    0x080185b1   Thumb Code   380  usbd_core.o(.text)
    USBD_ReqGetConfiguration                 0x0801872d   Thumb Code   122  usbd_core.o(.text)
    USBD_ReqSetConfiguration                 0x080187a7   Thumb Code   432  usbd_core.o(.text)
    USBD_ReqGetInterface                     0x08018957   Thumb Code    60  usbd_core.o(.text)
    USBD_ReqSetInterface                     0x08018993   Thumb Code   308  usbd_core.o(.text)
    USBD_EndPoint0                           0x08018ac7   Thumb Code   680  usbd_core.o(.text)
    USBD_ReqGetDescriptor_HID                0x08018d89   Thumb Code   132  usbd_core_hid.o(.text)
    USBD_EndPoint0_Setup_HID_ReqToIF         0x08018e0d   Thumb Code   200  usbd_core_hid.o(.text)
    USBD_EndPoint0_Out_HID_ReqToIF           0x08018ed5   Thumb Code    44  usbd_core_hid.o(.text)
    usbd_hid_init                            0x08018f39   Thumb Code     2  usbd_hid.o(.text)
    usbd_hid_get_protocol                    0x08018f49   Thumb Code     4  usbd_hid.o(.text)
    usbd_hid_set_protocol                    0x08018f4d   Thumb Code     2  usbd_hid.o(.text)
    USBD_HID_GetReport                       0x08018f4f   Thumb Code    54  usbd_hid.o(.text)
    USBD_HID_SetReport                       0x08018f85   Thumb Code    58  usbd_hid.o(.text)
    USBD_HID_GetIdle                         0x08018fbf   Thumb Code    16  usbd_hid.o(.text)
    USBD_HID_SetIdle                         0x08018fcf   Thumb Code    48  usbd_hid.o(.text)
    USBD_HID_GetProtocol                     0x08018fff   Thumb Code    14  usbd_hid.o(.text)
    USBD_HID_SetProtocol                     0x0801900d   Thumb Code    14  usbd_hid.o(.text)
    USBD_HID_EP_INTIN_Event                  0x0801901b   Thumb Code   422  usbd_hid.o(.text)
    USBD_HID_EP_INTOUT_Event                 0x080191c1   Thumb Code   148  usbd_hid.o(.text)
    USBD_HID_Configure_Event                 0x08019255   Thumb Code    48  usbd_hid.o(.text)
    USBD_HID_EP_INT_Event                    0x08019285   Thumb Code    30  usbd_hid.o(.text)
    USBD_HID_SOF_Event                       0x080192a3   Thumb Code   460  usbd_hid.o(.text)
    usbd_hid_get_report_trigger              0x0801946f   Thumb Code   148  usbd_hid.o(.text)
    AccGyrStableCheck_Services               0x0801953d   Thumb Code   512  ano_imu_calibration.o(.text)
    GetGyrAvValue                            0x0801973d   Thumb Code   174  ano_imu_calibration.o(.text)
    GetAccAvValue                            0x080197eb   Thumb Code   174  ano_imu_calibration.o(.text)
    ImuSensitivityInit                       0x080198d9   Thumb Code   108  ano_imu_data.o(.text)
    ImuDataGet                               0x08019945   Thumb Code    64  ano_imu_data.o(.text)
    ImuTemperatureGet                        0x08019985   Thumb Code    10  ano_imu_data.o(.text)
    ImuDataCalcu                             0x0801998f   Thumb Code   282  ano_imu_data.o(.text)
    ImuServices_1ms_c                        0x08019abd   Thumb Code   116  ano_imu_task.o(.text)
    ImuServices_20ms_c                       0x08019b31   Thumb Code    18  ano_imu_task.o(.text)
    __aeabi_memcpy                           0x08019b61   Thumb Code    36  memcpya.o(.text)
    __aeabi_memcpy4                          0x08019b61   Thumb Code     0  memcpya.o(.text)
    __aeabi_memcpy8                          0x08019b61   Thumb Code     0  memcpya.o(.text)
    __aeabi_dadd                             0x08019b85   Thumb Code   322  dadd.o(.text)
    __aeabi_dsub                             0x08019cc7   Thumb Code     6  dadd.o(.text)
    __aeabi_drsub                            0x08019ccd   Thumb Code     6  dadd.o(.text)
    __aeabi_dmul                             0x08019cd3   Thumb Code   228  dmul.o(.text)
    __aeabi_i2d                              0x08019db7   Thumb Code    34  dflti.o(.text)
    __aeabi_d2iz                             0x08019dd9   Thumb Code    62  dfixi.o(.text)
    __aeabi_f2d                              0x08019e17   Thumb Code    38  f2d.o(.text)
    __aeabi_cdcmpeq                          0x08019e3d   Thumb Code     0  cdcmple.o(.text)
    __aeabi_cdcmple                          0x08019e3d   Thumb Code    48  cdcmple.o(.text)
    __aeabi_cdrcmple                         0x08019e6d   Thumb Code    48  cdrcmple.o(.text)
    __aeabi_d2f                              0x08019e9d   Thumb Code    56  d2f.o(.text)
    __aeabi_llsl                             0x08019ed5   Thumb Code    30  llshl.o(.text)
    _ll_shift_l                              0x08019ed5   Thumb Code     0  llshl.o(.text)
    __aeabi_llsr                             0x08019ef3   Thumb Code    32  llushr.o(.text)
    _ll_ushift_r                             0x08019ef3   Thumb Code     0  llushr.o(.text)
    __aeabi_lasr                             0x08019f13   Thumb Code    36  llsshr.o(.text)
    _ll_sshift_r                             0x08019f13   Thumb Code     0  llsshr.o(.text)
    __I$use$fp                               0x08019f37   Thumb Code     0  iusefp.o(.text)
    _float_round                             0x08019f37   Thumb Code    18  fepilogue.o(.text)
    _float_epilogue                          0x08019f49   Thumb Code    92  fepilogue.o(.text)
    _double_round                            0x08019fa5   Thumb Code    30  depilogue.o(.text)
    _double_epilogue                         0x08019fc3   Thumb Code   156  depilogue.o(.text)
    __scatterload                            0x0801a061   Thumb Code    28  init.o(.text)
    __scatterload_rt2                        0x0801a061   Thumb Code     0  init.o(.text)
    __decompress                             0x0801a085   Thumb Code     0  __dczerorl2.o(.text)
    __decompress1                            0x0801a085   Thumb Code    86  __dczerorl2.o(.text)
    __scatterload_copy                       0x0801a0db   Thumb Code    14  handlers.o(i.__scatterload_copy)
    __scatterload_null                       0x0801a0e9   Thumb Code     2  handlers.o(i.__scatterload_null)
    __scatterload_zeroinit                   0x0801a0eb   Thumb Code    14  handlers.o(i.__scatterload_zeroinit)
    usbd_power                               0x0801a0f8   Data           1  usb_config.o(.constdata)
    usbd_hs_enable                           0x0801a0f9   Data           1  usb_config.o(.constdata)
    usbd_if_num                              0x0801a0fa   Data           2  usb_config.o(.constdata)
    usbd_ep_num                              0x0801a0fc   Data           1  usb_config.o(.constdata)
    usbd_max_packet0                         0x0801a0fd   Data           1  usb_config.o(.constdata)
    usbd_hid_if_num                          0x0801a0fe   Data           1  usb_config.o(.constdata)
    usbd_hid_ep_intin                        0x0801a0ff   Data           1  usb_config.o(.constdata)
    usbd_hid_ep_intout                       0x0801a100   Data           1  usb_config.o(.constdata)
    usbd_hid_interval                        0x0801a102   Data           4  usb_config.o(.constdata)
    usbd_hid_maxpacketsize                   0x0801a106   Data           4  usb_config.o(.constdata)
    usbd_hid_inreport_num                    0x0801a10a   Data           1  usb_config.o(.constdata)
    usbd_hid_outreport_num                   0x0801a10b   Data           1  usb_config.o(.constdata)
    usbd_hid_inreport_max_sz                 0x0801a10c   Data           2  usb_config.o(.constdata)
    usbd_hid_outreport_max_sz                0x0801a10e   Data           2  usb_config.o(.constdata)
    usbd_hid_featreport_max_sz               0x0801a110   Data           2  usb_config.o(.constdata)
    USBD_P_Power_Event                       0x0801a114   Data           4  usb_config.o(.constdata)
    USBD_P_Reset_Event                       0x0801a118   Data           4  usb_config.o(.constdata)
    USBD_P_Suspend_Event                     0x0801a11c   Data           4  usb_config.o(.constdata)
    USBD_P_Resume_Event                      0x0801a120   Data           4  usb_config.o(.constdata)
    USBD_P_WakeUp_Event                      0x0801a124   Data           4  usb_config.o(.constdata)
    USBD_P_SOF_Event                         0x0801a128   Data           4  usb_config.o(.constdata)
    USBD_P_Error_Event                       0x0801a12c   Data           4  usb_config.o(.constdata)
    USBD_P_EP                                0x0801a130   Data          64  usb_config.o(.constdata)
    USBD_P_Configure_Event                   0x0801a170   Data           4  usb_config.o(.constdata)
    USBD_P_Interface_Event                   0x0801a174   Data           4  usb_config.o(.constdata)
    USBD_P_Feature_Event                     0x0801a178   Data           4  usb_config.o(.constdata)
    __rtx                                    0x0801a17c   Data           4  usb_config.o(.constdata)
    USBD_HID_ReportDescriptor                0x0801a180   Data          33  usb_config.o(.constdata)
    USBD_HID_ReportDescriptorSize            0x0801a1a2   Data           2  usb_config.o(.constdata)
    USBD_HID_DescriptorOffset                0x0801a1a4   Data           2  usb_config.o(.constdata)
    USBD_DeviceDescriptor                    0x0801a1a6   Data          18  usb_config.o(.constdata)
    USBD_DeviceQualifier                     0x0801a1b8   Data           1  usb_config.o(.constdata)
    USBD_DeviceQualifier_HS                  0x0801a1b9   Data           1  usb_config.o(.constdata)
    USBD_ConfigDescriptor                    0x0801a1ba   Data          42  usb_config.o(.constdata)
    USBD_ConfigDescriptor_HS                 0x0801a1e4   Data           1  usb_config.o(.constdata)
    USBD_OtherSpeedConfigDescriptor          0x0801a1e5   Data           1  usb_config.o(.constdata)
    USBD_OtherSpeedConfigDescriptor_HS       0x0801a1e6   Data           1  usb_config.o(.constdata)
    USBD_StringDescriptor                    0x0801a1e8   Data         132  usb_config.o(.constdata)
    _cs_idlist                               0x0801a26c   Data          24  ano_dt.o(.constdata)
    fast_atan_table                          0x0801a284   Data        1028  ano_math.o(.constdata)
    gps_petrol_out_config                    0x0801a688   Data          28  drv_gps.o(.constdata)
    gps_pvt_out_config                       0x0801a6a4   Data          90  drv_gps.o(.constdata)
    gps_rate_out_config                      0x0801a6fe   Data          16  drv_gps.o(.constdata)
    Enter_Send                               0x0801a70e   Data           9  drv_gps.o(.constdata)
    Region$$Table$$Base                      0x0801a85c   Number         0  anon$$obj.o(Region$$Table)
    Region$$Table$$Limit                     0x0801a87c   Number         0  anon$$obj.o(Region$$Table)
    HID_SEND_TIMEOUT                         0x20000000   Data           1  ano_usb.o(.data)
    hid_datatemp_begin                       0x20000002   Data           2  ano_usb.o(.data)
    hid_datatemp_end                         0x20000004   Data           2  ano_usb.o(.data)
    USBD_AltSetting                          0x20000008   Data           1  usb_config.o(.data)
    USBD_HID_PollingCnt                      0x2000000a   Data           2  usb_config.o(.data)
    USBD_HID_IdleCnt                         0x2000000c   Data           1  usb_config.o(.data)
    USBD_HID_IdleReload                      0x2000000d   Data           1  usb_config.o(.data)
    USBD_HID_IdleSet                         0x2000000e   Data           1  usb_config.o(.data)
    USBD_HID_FeatReport                      0x2000000f   Data           2  usb_config.o(.data)
    of_init_type                             0x20000068   Data           1  bsp_init.o(.data)
    unlock_f                                 0x2000006a   Data           2  ano_rc.o(.data)
    stick_fun_0                              0x2000006c   Data           1  ano_rc.o(.data)
    unlock_time                              0x2000006e   Data           2  ano_rc.o(.data)
    cali_gyro                                0x20000070   Data           2  ano_rc.o(.data)
    cali_acc                                 0x20000072   Data           2  ano_rc.o(.data)
    cali_surface                             0x20000074   Data           2  ano_rc.o(.data)
    cali_mag                                 0x20000076   Data           4  ano_rc.o(.data)
    stick_fun_1                              0x2000007a   Data           1  ano_rc.o(.data)
    stick_fun_2                              0x2000007b   Data           1  ano_rc.o(.data)
    stick_fun_3                              0x2000007c   Data           1  ano_rc.o(.data)
    stick_fun_4                              0x2000007d   Data           1  ano_rc.o(.data)
    stick_fun_5_magcali                      0x2000007e   Data           1  ano_rc.o(.data)
    dt_ms                                    0x20000086   Data           2  ano_flyctrl.o(.data)
    opmv_ct_sta                              0x20000093   Data           3  ano_opmv_ctrl.o(.data)
    of_buf_update_flag                       0x200000c8   Data           1  ano_of_decofusion.o(.data)
    of_rot_d_degs                            0x200000cc   Data           8  ano_of_decofusion.o(.data)
    of_fus_err                               0x200000d4   Data           8  ano_of_decofusion.o(.data)
    of_fus_err_i                             0x200000dc   Data           8  ano_of_decofusion.o(.data)
    switchs                                  0x200000f8   Data           8  ano_fcdata.o(.data)
    imu_data                                 0x2000010c   Data         232  ano_imu.o(.data)
    imu_state                                0x20000228   Data          24  ano_imu.o(.data)
    ref_height_old                           0x20000260   Data           4  ano_motioncal.o(.data)
    ref_speed_old                            0x20000264   Data           4  ano_motioncal.o(.data)
    wcz_ref_height                           0x20000268   Data           4  ano_motioncal.o(.data)
    wcz_ref_speed                            0x2000026c   Data           4  ano_motioncal.o(.data)
    wcz_ref_acc                              0x20000270   Data           4  ano_motioncal.o(.data)
    flying_cnt                               0x2000029e   Data           2  ano_flightctrl.o(.data)
    landing_cnt                              0x200002a0   Data           2  ano_flightctrl.o(.data)
    stop_baro_hpf                            0x200002a4   Data           4  ano_flightctrl.o(.data)
    jsdata                                   0x200002b4   Data           6  ano_flightctrl.o(.data)
    speed_mode_old                           0x200002ba   Data           1  ano_flightctrl.o(.data)
    flight_mode_old                          0x200002bb   Data           1  ano_flightctrl.o(.data)
    vel_fb_d_lpf                             0x200002d4   Data           8  ano_locctrl.o(.data)
    vel_fb_h                                 0x200002dc   Data           8  ano_locctrl.o(.data)
    vel_fb_w                                 0x200002e4   Data           8  ano_locctrl.o(.data)
    vel_fb_fix_w                             0x200002ec   Data           8  ano_locctrl.o(.data)
    mag                                      0x2000030c   Data           8  ano_magprocess.o(.data)
    motor                                    0x20000320   Data           8  ano_motorctrl.o(.data)
    motor_step                               0x20000328   Data           8  ano_motorctrl.o(.data)
    IDLING                                   0x20000332   Data           2  ano_motorctrl.o(.data)
    Plane_Votage                             0x20000334   Data           4  ano_power.o(.data)
    test_time_cnt                            0x20000340   Data           2  ano_flightdatacal.o(.data)
    baro_height                              0x2000034c   Data           4  ano_flightdatacal.o(.data)
    baro_h_offset                            0x20000350   Data           4  ano_flightdatacal.o(.data)
    ref_height_get_1                         0x20000354   Data           4  ano_flightdatacal.o(.data)
    ref_height_get_2                         0x20000358   Data           4  ano_flightdatacal.o(.data)
    ref_height_used                          0x2000035c   Data           4  ano_flightdatacal.o(.data)
    baro2tof_offset                          0x20000360   Data           4  ano_flightdatacal.o(.data)
    tof2baro_offset                          0x20000364   Data           4  ano_flightdatacal.o(.data)
    baro_fix1                                0x20000368   Data           4  ano_flightdatacal.o(.data)
    baro_fix2                                0x2000036c   Data           4  ano_flightdatacal.o(.data)
    baro_fix                                 0x20000370   Data           4  ano_flightdatacal.o(.data)
    wcz_acc_use                              0x20000378   Data           4  ano_flightdatacal.o(.data)
    ref_tof_height                           0x2000037c   Data           2  ano_flightdatacal.o(.data)
    led_accuracy                             0x20000384   Data           2  drv_led.o(.data)
    LED_Brightness                           0x20000388   Data          16  drv_led.o(.data)
    AdcValue                                 0x200003ac   Data           2  drv_adc.o(.data)
    para_sta                                 0x200003ae   Data           4  ano_parameter.o(.data)
    sysTickUptime                            0x200003b4   Data           4  drv_time.o(.data)
    systime_ms                               0x200003b8   Data           4  drv_time.o(.data)
    IOE_distance                             0x200003bc   Data           2  drv_usart.o(.data)
    TxCounter                                0x200003be   Data           1  drv_usart.o(.data)
    count                                    0x200003bf   Data           1  drv_usart.o(.data)
    Tx3Counter                               0x200003c0   Data           1  drv_usart.o(.data)
    count3                                   0x200003c1   Data           1  drv_usart.o(.data)
    Tx4Counter                               0x200003c2   Data           1  drv_usart.o(.data)
    count4                                   0x200003c3   Data           1  drv_usart.o(.data)
    Tx5Counter                               0x200003c4   Data           1  drv_usart.o(.data)
    count5                                   0x200003c5   Data           1  drv_usart.o(.data)
    alt_3                                    0x200003d4   Data           4  drv_spl06.o(.data)
    baro_start                               0x200003d8   Data           1  drv_spl06.o(.data)
    OutMaxPacketSize                         0x200003dc   Data          16  usbd_stm32f4xx_fs.o(.data)
    InPacketDataPtr                          0x200003ec   Data          16  usbd_stm32f4xx_fs.o(.data)
    InPacketDataReady                        0x200003fc   Data           4  usbd_stm32f4xx_fs.o(.data)
    SyncWriteEP                              0x20000400   Data           4  usbd_stm32f4xx_fs.o(.data)
    IsoOutTokenRead                          0x20000404   Data           4  usbd_stm32f4xx_fs.o(.data)
    len                                      0x2000040c   Data           2  drv_gps.o(.data)
    wcx_acc_use                              0x20000410   Data           4  drv_gps.o(.data)
    wcy_acc_use                              0x20000414   Data           4  drv_gps.o(.data)
    GPS_get_cnt                              0x20000418   Data           1  drv_gps.o(.data)
    temperature_err                          0x20000428   Data           4  drv_heating.o(.data)
    temperature_err_i                        0x2000042c   Data           4  drv_heating.o(.data)
    temperature_diff                         0x20000430   Data           4  drv_heating.o(.data)
    temperature_ctrl_val                     0x20000434   Data           4  drv_heating.o(.data)
    LASER_LINKOK                             0x2000043c   Data           1  drv_laser.o(.data)
    Laser_height_cm                          0x2000043e   Data           2  drv_laser.o(.data)
    offline_check_time                       0x20000442   Data           2  drv_openmv.o(.data)
    rec_sta                                  0x20000444   Data           1  drv_openmv.o(.data)
    of_init_cnt                              0x20000446   Data           1  drv_up_flow.o(.data)
    of_buf_update_cnt                        0x20000447   Data           1  drv_up_flow.o(.data)
    SystemCoreClock                          0x20000470   Data           4  system_stm32f4xx.o(.data)
    AHBPrescTable                            0x20000474   Data          16  system_stm32f4xx.o(.data)
    USBD_DeviceStatus                        0x20000484   Data           2  usbd_core.o(.data)
    USBD_DeviceAddress                       0x20000486   Data           1  usbd_core.o(.data)
    USBD_Configuration                       0x20000487   Data           1  usbd_core.o(.data)
    USBD_EndPointMask                        0x20000488   Data           4  usbd_core.o(.data)
    USBD_EndPointHalt                        0x2000048c   Data           4  usbd_core.o(.data)
    USBD_EndPointStall                       0x20000490   Data           4  usbd_core.o(.data)
    USBD_NumInterfaces                       0x20000494   Data           1  usbd_core.o(.data)
    USBD_HighSpeed                           0x20000495   Data           1  usbd_core.o(.data)
    USBD_ZLP                                 0x20000496   Data           1  usbd_core.o(.data)
    USBD_EP0Data                             0x20000498   Data           8  usbd_core.o(.data)
    USBD_SetupPacket                         0x200004a0   Data           8  usbd_core.o(.data)
    USBD_HID_Protocol                        0x200004a8   Data           1  usbd_hid.o(.data)
    DataOutAsyncReq                          0x200004ac   Data           4  usbd_hid.o(.data)
    DataOutUpdateReqMask                     0x200004b0   Data           4  usbd_hid.o(.data)
    ptrDataOut                               0x200004b4   Data           4  usbd_hid.o(.data)
    DataOutToSendLen                         0x200004b8   Data           2  usbd_hid.o(.data)
    DataOutSentLen                           0x200004ba   Data           2  usbd_hid.o(.data)
    DataOutEndWithShortPacket                0x200004bc   Data           4  usbd_hid.o(.data)
    ptrDataIn                                0x200004c0   Data           4  usbd_hid.o(.data)
    DataInReceLen                            0x200004c4   Data           2  usbd_hid.o(.data)
    ptrDataFeat                              0x200004c8   Data           4  usbd_hid.o(.data)
    DataFeatReceLen                          0x200004cc   Data           2  usbd_hid.o(.data)
    st_imu_cali                              0x200004d0   Data           4  ano_imu_calibration.o(.data)
    hid_datatemp                             0x200004e8   Data        1000  ano_usb.o(.bss)
    hid_data2send                            0x200008d0   Data          64  ano_usb.o(.bss)
    USBD_EP0Buf                              0x20000910   Data          64  usb_config.o(.bss)
    USBD_HID_InReport                        0x20000950   Data          65  usb_config.o(.bss)
    USBD_HID_OutReport                       0x20000991   Data          65  usb_config.o(.bss)
    stk_usb_msc_task                         0x200009d8   Data         600  usb_config.o(.bss)
    test_dT_1000hz                           0x20000c30   Data          12  ano_scheduler.o(.bss)
    test_rT                                  0x20000c3c   Data          24  ano_scheduler.o(.bss)
    dt                                       0x20000c54   Data         432  ano_dt.o(.bss)
    CycleSendData                            0x20000e04   Data          64  ano_dt.o(.bss)
    OtherSendData                            0x20000e44   Data         335  ano_dt.o(.bss)
    otherDataTmp                             0x20000f93   Data          64  ano_dt.o(.bss)
    CH_N                                     0x2000109c   Data          16  ano_rc.o(.bss)
    ano_of                                   0x200010ac   Data          60  ano_of.o(.bss)
    program_ctrl                             0x20001128   Data          84  ano_flyctrl.o(.bss)
    uwb_data                                 0x2000117c   Data          60  ano_uwb.o(.bss)
    pc_user                                  0x200013b8   Data          32  ano_programctrl_user.o(.bss)
    ano_opmv_cbt_ctrl                        0x200013d8   Data          52  ano_opmv_cbtracking_ctrl.o(.bss)
    ano_opmv_lt_ctrl                         0x2000141c   Data          32  ano_opmv_linetracking_ctrl.o(.bss)
    of_data                                  0x2000143c   Data          10  ano_of_decofusion.o(.bss)
    of_rdf                                   0x20001448   Data          72  ano_of_decofusion.o(.bss)
    flag                                     0x20001490   Data          28  ano_fcdata.o(.bss)
    fc_stv                                   0x200014ac   Data          16  ano_fcdata.o(.bss)
    sens_hd_check                            0x200014bc   Data           9  ano_fcdata.o(.bss)
    att_matrix                               0x200014c8   Data          36  ano_imu.o(.bss)
    imu_test                                 0x20001510   Data          12  ano_imu.o(.bss)
    wcz_acc_fus                              0x2000151c   Data          28  ano_motioncal.o(.bss)
    wcz_spe_fus                              0x20001538   Data          24  ano_motioncal.o(.bss)
    wcz_hei_fus                              0x20001550   Data          24  ano_motioncal.o(.bss)
    center_pos                               0x20001568   Data          60  ano_sensor_basic.o(.bss)
    sensor                                   0x200015a4   Data          60  ano_sensor_basic.o(.bss)
    sensor_val                               0x200015e0   Data          24  ano_sensor_basic.o(.bss)
    alt_arg_2                                0x20001670   Data          24  ano_altctrl.o(.bss)
    alt_val_2                                0x20001688   Data          40  ano_altctrl.o(.bss)
    alt_arg_1                                0x200016b0   Data          24  ano_altctrl.o(.bss)
    alt_val_1                                0x200016c8   Data          40  ano_altctrl.o(.bss)
    arg_2                                    0x200016f0   Data          72  ano_attctrl.o(.bss)
    arg_1                                    0x20001738   Data          72  ano_attctrl.o(.bss)
    val_2                                    0x20001780   Data         120  ano_attctrl.o(.bss)
    val_1                                    0x200017f8   Data         120  ano_attctrl.o(.bss)
    att_2l_ct                                0x20001870   Data          36  ano_attctrl.o(.bss)
    att_1l_ct                                0x20001894   Data          28  ano_attctrl.o(.bss)
    rolling_flag                             0x200018c0   Data          24  ano_attctrl.o(.bss)
    fs                                       0x200018d8   Data          52  ano_flightctrl.o(.bss)
    loc_arg_1                                0x2000190c   Data          48  ano_locctrl.o(.bss)
    loc_val_1                                0x2000193c   Data          80  ano_locctrl.o(.bss)
    loc_arg_1_fix                            0x2000198c   Data          48  ano_locctrl.o(.bss)
    loc_val_1_fix                            0x200019bc   Data          80  ano_locctrl.o(.bss)
    loc_ctrl_1                               0x20001a0c   Data          36  ano_locctrl.o(.bss)
    loc_ctrl_2                               0x20001a30   Data          36  ano_locctrl.o(.bss)
    mc                                       0x20001a54   Data          16  ano_motorctrl.o(.bss)
    LED_STA                                  0x20001a64   Data          15  drv_led.o(.bss)
    Ano_Parame                               0x20001a74   Data        4096  ano_parameter.o(.bss)
    TxBuffer                                 0x20002a74   Data         256  drv_usart.o(.bss)
    Rx_Buf                                   0x20002b74   Data         256  drv_usart.o(.bss)
    Tx3Buffer                                0x20002c74   Data         256  drv_usart.o(.bss)
    Tx4Buffer                                0x20002d74   Data         256  drv_usart.o(.bss)
    Tx5Buffer                                0x20002e74   Data         256  drv_usart.o(.bss)
    spl_data                                 0x20002fa0   Data          20  drv_spl06.o(.bss)
    HID_IntInPacketData                      0x20002fc0   Data          64  usbd_stm32f4xx_fs.o(.bss)
    IsoOutPacketDataPtr                      0x20003000   Data          16  usbd_stm32f4xx_fs.o(.bss)
    InPacketDataCnt                          0x20003010   Data          16  usbd_stm32f4xx_fs.o(.bss)
    IsoOutPacketDataCnt                      0x20003020   Data          16  usbd_stm32f4xx_fs.o(.bss)
    Gps_information                          0x20003030   Data         112  drv_gps.o(.bss)
    GPS_data_buff                            0x200030a0   Data         100  drv_gps.o(.bss)
    ext_sens                                 0x20003104   Data          23  drv_gps.o(.bss)
    temperature_fb                           0x2000311c   Data          12  drv_heating.o(.bss)
    openmv_buf                               0x20003128   Data          20  drv_openmv.o(.bss)
    opmv                                     0x2000313c   Data          26  drv_openmv.o(.bss)
    OF_DATA                                  0x20003156   Data          14  drv_up_flow.o(.bss)
    st_bmi_data                              0x20003172   Data          14  drv_bmi088.o(.bss)
    rc_in                                    0x20003180   Data          82  drv_bsp.o(.bss)
    st_imuData                               0x20003234   Data         152  ano_imu_data.o(.bss)
    test_st                                  0x200032cc   Data          16  ano_imu_data.o(.bss)
    __initial_sp                             0x20003ae0   Data           0  startup_stm32f4xx.o(STACK)



==============================================================================

Memory Map of the image

  Image Entry point : 0x08000189

  Load Region LR_IROM1 (Base: 0x08000000, Size: 0x0001ad64, Max: 0x00100000, ABSOLUTE, COMPRESSED[0x0001a8f0])

    Execution Region ER_IROM1 (Exec base: 0x08000000, Load base: 0x08000000, Size: 0x0001a87c, Max: 0x00100000, ABSOLUTE)

    Exec Addr    Load Addr    Size         Type   Attr      Idx    E Section Name        Object

    0x08000000   0x08000000   0x00000188   Data   RO         1889    RESET               startup_stm32f4xx.o
    0x08000188   0x08000188   0x00000000   Code   RO         2042  * .ARM.Collect$$$$00000000  mc_w.l(entry.o)
    0x08000188   0x08000188   0x00000004   Code   RO         2065    .ARM.Collect$$$$00000001  mc_w.l(entry2.o)
    0x0800018c   0x0800018c   0x00000004   Code   RO         2068    .ARM.Collect$$$$00000004  mc_w.l(entry5.o)
    0x08000190   0x08000190   0x00000000   Code   RO         2070    .ARM.Collect$$$$00000008  mc_w.l(entry7b.o)
    0x08000190   0x08000190   0x00000000   Code   RO         2072    .ARM.Collect$$$$0000000A  mc_w.l(entry8b.o)
    0x08000190   0x08000190   0x00000008   Code   RO         2073    .ARM.Collect$$$$0000000B  mc_w.l(entry9a.o)
    0x08000198   0x08000198   0x00000004   Code   RO         2080    .ARM.Collect$$$$0000000E  mc_w.l(entry12b.o)
    0x0800019c   0x0800019c   0x00000000   Code   RO         2075    .ARM.Collect$$$$0000000F  mc_w.l(entry10a.o)
    0x0800019c   0x0800019c   0x00000000   Code   RO         2077    .ARM.Collect$$$$00000011  mc_w.l(entry11a.o)
    0x0800019c   0x0800019c   0x00000004   Code   RO         2066    .ARM.Collect$$$$00002712  mc_w.l(entry2.o)
    0x080001a0   0x080001a0   0x0000005e   Code   RO            2    .text               stm32f4xx_it.o
    0x080001fe   0x080001fe   0x00000002   PAD
    0x08000200   0x08000200   0x00000198   Code   RO          148    .text               ano_usb.o
    0x08000398   0x08000398   0x00000052   Code   RO          225    .text               usb_config.o
    0x080003ea   0x080003ea   0x00000002   PAD
    0x080003ec   0x080003ec   0x0000001c   Code   RO          249    .text               main.o
    0x08000408   0x08000408   0x00000200   Code   RO          265    .text               ano_scheduler.o
    0x08000608   0x08000608   0x00000120   Code   RO          390    .text               bsp_init.o
    0x08000728   0x08000728   0x00001068   Code   RO          448    .text               ano_dt.o
    0x08001790   0x08001790   0x00000554   Code   RO          476    .text               ano_rc.o
    0x08001ce4   0x08001ce4   0x00000354   Code   RO          500    .text               ano_of.o
    0x08002038   0x08002038   0x00000ad8   Code   RO          523    .text               ano_flyctrl.o
    0x08002b10   0x08002b10   0x000002dc   Code   RO          551    .text               ano_uwb.o
    0x08002dec   0x08002dec   0x000000d0   Code   RO          574    .text               ano_programctrl_user.o
    0x08002ebc   0x08002ebc   0x000000f4   Code   RO          596    .text               ano_opmv_ctrl.o
    0x08002fb0   0x08002fb0   0x00000478   Code   RO          622    .text               ano_opmv_cbtracking_ctrl.o
    0x08003428   0x08003428   0x00000574   Code   RO          645    .text               ano_opmv_linetracking_ctrl.o
    0x0800399c   0x0800399c   0x000005c4   Code   RO          668    .text               ano_of_decofusion.o
    0x08003f60   0x08003f60   0x00000028   Code   RO          695    .text               ano_fcdata.o
    0x08003f88   0x08003f88   0x00000844   Code   RO          722    .text               ano_filter.o
    0x080047cc   0x080047cc   0x00000ba0   Code   RO          749    .text               ano_imu.o
    0x0800536c   0x0800536c   0x000008d4   Code   RO          792    .text               ano_math.o
    0x08005c40   0x08005c40   0x000001fc   Code   RO          811    .text               ano_motioncal.o
    0x08005e3c   0x08005e3c   0x00000120   Code   RO          858    .text               ano_pid.o
    0x08005f5c   0x08005f5c   0x00000214   Code   RO          877    .text               ano_sensor_basic.o
    0x08006170   0x08006170   0x000005d4   Code   RO          899    .text               ano_altctrl.o
    0x08006744   0x08006744   0x00000a54   Code   RO          942    .text               ano_attctrl.o
    0x08007198   0x08007198   0x000008ac   Code   RO          973    .text               ano_flightctrl.o
    0x08007a44   0x08007a44   0x00000db8   Code   RO         1014    .text               ano_locctrl.o
    0x080087fc   0x080087fc   0x000004b0   Code   RO         1037    .text               ano_magprocess.o
    0x08008cac   0x08008cac   0x00000210   Code   RO         1063    .text               ano_motorctrl.o
    0x08008ebc   0x08008ebc   0x0000021c   Code   RO         1094    .text               ano_power.o
    0x080090d8   0x080090d8   0x0000036c   Code   RO         1116    .text               ano_flightdatacal.o
    0x08009444   0x08009444   0x00000654   Code   RO         1140    .text               drv_led.o
    0x08009a98   0x08009a98   0x00000124   Code   RO         1175    .text               drv_adc.o
    0x08009bbc   0x08009bbc   0x00001468   Code   RO         1197    .text               ano_parameter.o
    0x0800b024   0x0800b024   0x00000130   Code   RO         1220    .text               drv_spi.o
    0x0800b154   0x0800b154   0x0000031c   Code   RO         1239    .text               drv_pwm_out.o
    0x0800b470   0x0800b470   0x000001b8   Code   RO         1258    .text               drv_time.o
    0x0800b628   0x0800b628   0x0000080c   Code   RO         1288    .text               drv_usart.o
    0x0800be34   0x0800be34   0x00000104   Code   RO         1323    .text               drv_ak8975.o
    0x0800bf38   0x0800bf38   0x00000700   Code   RO         1369    .text               drv_spl06.o
    0x0800c638   0x0800c638   0x000003c8   Code   RO         1392    .text               drv_w25qxx.o
    0x0800ca00   0x0800ca00   0x000012b8   Code   RO         1417    .text               usbd_stm32f4xx_fs.o
    0x0800dcb8   0x0800dcb8   0x00000714   Code   RO         1444    .text               drv_gps.o
    0x0800e3cc   0x0800e3cc   0x00000390   Code   RO         1473    .text               drv_heating.o
    0x0800e75c   0x0800e75c   0x000001dc   Code   RO         1519    .text               drv_openmv.o
    0x0800e938   0x0800e938   0x00000224   Code   RO         1542    .text               drv_up_flow.o
    0x0800eb5c   0x0800eb5c   0x000002a4   Code   RO         1570    .text               drv_bmi088.o
    0x0800ee00   0x0800ee00   0x00000460   Code   RO         1597    .text               drv_bsp.o
    0x0800f260   0x0800f260   0x000001e0   Code   RO         1623    .text               drv_rcin.o
    0x0800f440   0x0800f440   0x000001ec   Code   RO         1640    .text               misc.o
    0x0800f62c   0x0800f62c   0x0000107c   Code   RO         1656    .text               stm32f4xx_adc.o
    0x080106a8   0x080106a8   0x000013cc   Code   RO         1688    .text               stm32f4xx_dma.o
    0x08011a74   0x08011a74   0x0000030c   Code   RO         1704    .text               stm32f4xx_exti.o
    0x08011d80   0x08011d80   0x00000916   Code   RO         1736    .text               stm32f4xx_gpio.o
    0x08012696   0x08012696   0x00000002   PAD
    0x08012698   0x08012698   0x00000d7c   Code   RO         1784    .text               stm32f4xx_rcc.o
    0x08013414   0x08013414   0x00000bc8   Code   RO         1802    .text               stm32f4xx_spi.o
    0x08013fdc   0x08013fdc   0x00003294   Code   RO         1834    .text               stm32f4xx_tim.o
    0x08017270   0x08017270   0x00000eb4   Code   RO         1850    .text               stm32f4xx_usart.o
    0x08018124   0x08018124   0x00000210   Code   RO         1866    .text               system_stm32f4xx.o
    0x08018334   0x08018334   0x00000024   Code   RO         1890    .text               startup_stm32f4xx.o
    0x08018358   0x08018358   0x00000a30   Code   RO         1895    .text               usbd_core.o
    0x08018d88   0x08018d88   0x000001b0   Code   RO         1936    .text               usbd_core_hid.o
    0x08018f38   0x08018f38   0x00000604   Code   RO         1948    .text               usbd_hid.o
    0x0801953c   0x0801953c   0x0000039c   Code   RO         1964    .text               ano_imu_calibration.o
    0x080198d8   0x080198d8   0x000001e4   Code   RO         1990    .text               ano_imu_data.o
    0x08019abc   0x08019abc   0x000000a4   Code   RO         2012    .text               ano_imu_task.o
    0x08019b60   0x08019b60   0x00000024   Code   RO         2045    .text               mc_w.l(memcpya.o)
    0x08019b84   0x08019b84   0x0000014e   Code   RO         2049    .text               mf_w.l(dadd.o)
    0x08019cd2   0x08019cd2   0x000000e4   Code   RO         2051    .text               mf_w.l(dmul.o)
    0x08019db6   0x08019db6   0x00000022   Code   RO         2053    .text               mf_w.l(dflti.o)
    0x08019dd8   0x08019dd8   0x0000003e   Code   RO         2055    .text               mf_w.l(dfixi.o)
    0x08019e16   0x08019e16   0x00000026   Code   RO         2057    .text               mf_w.l(f2d.o)
    0x08019e3c   0x08019e3c   0x00000030   Code   RO         2059    .text               mf_w.l(cdcmple.o)
    0x08019e6c   0x08019e6c   0x00000030   Code   RO         2061    .text               mf_w.l(cdrcmple.o)
    0x08019e9c   0x08019e9c   0x00000038   Code   RO         2063    .text               mf_w.l(d2f.o)
    0x08019ed4   0x08019ed4   0x0000001e   Code   RO         2081    .text               mc_w.l(llshl.o)
    0x08019ef2   0x08019ef2   0x00000020   Code   RO         2083    .text               mc_w.l(llushr.o)
    0x08019f12   0x08019f12   0x00000024   Code   RO         2085    .text               mc_w.l(llsshr.o)
    0x08019f36   0x08019f36   0x00000000   Code   RO         2087    .text               mc_w.l(iusefp.o)
    0x08019f36   0x08019f36   0x0000006e   Code   RO         2088    .text               mf_w.l(fepilogue.o)
    0x08019fa4   0x08019fa4   0x000000ba   Code   RO         2090    .text               mf_w.l(depilogue.o)
    0x0801a05e   0x0801a05e   0x00000002   PAD
    0x0801a060   0x0801a060   0x00000024   Code   RO         2092    .text               mc_w.l(init.o)
    0x0801a084   0x0801a084   0x00000056   Code   RO         2102    .text               mc_w.l(__dczerorl2.o)
    0x0801a0da   0x0801a0da   0x0000000e   Code   RO         2096    i.__scatterload_copy  mc_w.l(handlers.o)
    0x0801a0e8   0x0801a0e8   0x00000002   Code   RO         2097    i.__scatterload_null  mc_w.l(handlers.o)
    0x0801a0ea   0x0801a0ea   0x0000000e   Code   RO         2098    i.__scatterload_zeroinit  mc_w.l(handlers.o)
    0x0801a0f8   0x0801a0f8   0x00000174   Data   RO          227    .constdata          usb_config.o
    0x0801a26c   0x0801a26c   0x00000018   Data   RO          450    .constdata          ano_dt.o
    0x0801a284   0x0801a284   0x00000404   Data   RO          793    .constdata          ano_math.o
    0x0801a688   0x0801a688   0x0000008f   Data   RO         1446    .constdata          drv_gps.o
    0x0801a717   0x0801a717   0x00000142   Data   RO         1544    .constdata          drv_up_flow.o
    0x0801a859   0x0801a859   0x00000003   PAD
    0x0801a85c   0x0801a85c   0x00000020   Data   RO         2094    Region$$Table       anon$$obj.o


    Execution Region RW_IRAM1 (Exec base: 0x20000000, Load base: 0x0801a87c, Size: 0x00003ae0, Max: 0x00020000, ABSOLUTE, COMPRESSED[0x00000074])

    Exec Addr    Load Addr    Size         Type   Attr      Idx    E Section Name        Object

    0x20000000   COMPRESSED   0x00000007   Data   RW          150    .data               ano_usb.o
    0x20000007   COMPRESSED   0x00000001   PAD
    0x20000008   COMPRESSED   0x00000009   Data   RW          228    .data               usb_config.o
    0x20000011   COMPRESSED   0x00000003   PAD
    0x20000014   COMPRESSED   0x00000054   Data   RW          267    .data               ano_scheduler.o
    0x20000068   COMPRESSED   0x00000001   Data   RW          391    .data               bsp_init.o
    0x20000069   COMPRESSED   0x00000001   PAD
    0x2000006a   COMPRESSED   0x00000015   Data   RW          478    .data               ano_rc.o
    0x2000007f   COMPRESSED   0x00000003   Data   RW          502    .data               ano_of.o
    0x20000082   COMPRESSED   0x0000000a   Data   RW          525    .data               ano_flyctrl.o
    0x2000008c   COMPRESSED   0x00000007   Data   RW          553    .data               ano_uwb.o
    0x20000093   COMPRESSED   0x00000003   Data   RW          597    .data               ano_opmv_ctrl.o
    0x20000096   COMPRESSED   0x00000002   PAD
    0x20000098   COMPRESSED   0x00000014   Data   RW          624    .data               ano_opmv_cbtracking_ctrl.o
    0x200000ac   COMPRESSED   0x0000001c   Data   RW          647    .data               ano_opmv_linetracking_ctrl.o
    0x200000c8   COMPRESSED   0x00000030   Data   RW          670    .data               ano_of_decofusion.o
    0x200000f8   COMPRESSED   0x00000008   Data   RW          697    .data               ano_fcdata.o
    0x20000100   COMPRESSED   0x0000000c   Data   RW          723    .data               ano_filter.o
    0x2000010c   COMPRESSED   0x00000154   Data   RW          751    .data               ano_imu.o
    0x20000260   COMPRESSED   0x00000019   Data   RW          813    .data               ano_motioncal.o
    0x20000279   COMPRESSED   0x00000003   PAD
    0x2000027c   COMPRESSED   0x0000000e   Data   RW          901    .data               ano_altctrl.o
    0x2000028a   COMPRESSED   0x00000002   PAD
    0x2000028c   COMPRESSED   0x00000010   Data   RW          944    .data               ano_attctrl.o
    0x2000029c   COMPRESSED   0x0000002c   Data   RW          975    .data               ano_flightctrl.o
    0x200002c8   COMPRESSED   0x00000036   Data   RW         1016    .data               ano_locctrl.o
    0x200002fe   COMPRESSED   0x00000002   PAD
    0x20000300   COMPRESSED   0x00000020   Data   RW         1038    .data               ano_magprocess.o
    0x20000320   COMPRESSED   0x00000014   Data   RW         1065    .data               ano_motorctrl.o
    0x20000334   COMPRESSED   0x0000000c   Data   RW         1095    .data               ano_power.o
    0x20000340   COMPRESSED   0x00000041   Data   RW         1117    .data               ano_flightdatacal.o
    0x20000381   COMPRESSED   0x00000003   PAD
    0x20000384   COMPRESSED   0x00000027   Data   RW         1142    .data               drv_led.o
    0x200003ab   COMPRESSED   0x00000001   PAD
    0x200003ac   COMPRESSED   0x00000002   Data   RW         1176    .data               drv_adc.o
    0x200003ae   COMPRESSED   0x00000004   Data   RW         1199    .data               ano_parameter.o
    0x200003b2   COMPRESSED   0x00000002   PAD
    0x200003b4   COMPRESSED   0x00000008   Data   RW         1259    .data               drv_time.o
    0x200003bc   COMPRESSED   0x0000000e   Data   RW         1290    .data               drv_usart.o
    0x200003ca   COMPRESSED   0x00000006   Data   RW         1324    .data               drv_ak8975.o
    0x200003d0   COMPRESSED   0x0000000b   Data   RW         1371    .data               drv_spl06.o
    0x200003db   COMPRESSED   0x00000001   PAD
    0x200003dc   COMPRESSED   0x00000030   Data   RW         1419    .data               usbd_stm32f4xx_fs.o
    0x2000040c   COMPRESSED   0x00000019   Data   RW         1447    .data               drv_gps.o
    0x20000425   COMPRESSED   0x00000003   PAD
    0x20000428   COMPRESSED   0x00000013   Data   RW         1475    .data               drv_heating.o
    0x2000043b   COMPRESSED   0x00000001   PAD
    0x2000043c   COMPRESSED   0x00000006   Data   RW         1498    .data               drv_laser.o
    0x20000442   COMPRESSED   0x00000004   Data   RW         1521    .data               drv_openmv.o
    0x20000446   COMPRESSED   0x00000004   Data   RW         1545    .data               drv_up_flow.o
    0x2000044a   COMPRESSED   0x00000002   Data   RW         1572    .data               drv_bmi088.o
    0x2000044c   COMPRESSED   0x0000000e   Data   RW         1599    .data               drv_bsp.o
    0x2000045a   COMPRESSED   0x00000004   Data   RW         1624    .data               drv_rcin.o
    0x2000045e   COMPRESSED   0x00000010   Data   RW         1785    .data               stm32f4xx_rcc.o
    0x2000046e   COMPRESSED   0x00000002   PAD
    0x20000470   COMPRESSED   0x00000014   Data   RW         1867    .data               system_stm32f4xx.o
    0x20000484   COMPRESSED   0x00000024   Data   RW         1896    .data               usbd_core.o
    0x200004a8   COMPRESSED   0x00000027   Data   RW         1949    .data               usbd_hid.o
    0x200004cf   COMPRESSED   0x00000001   PAD
    0x200004d0   COMPRESSED   0x00000018   Data   RW         1966    .data               ano_imu_calibration.o
    0x200004e8        -       0x00000428   Zero   RW          149    .bss                ano_usb.o
    0x20000910        -       0x00000320   Zero   RW          226    .bss                usb_config.o
    0x20000c30        -       0x00000024   Zero   RW          266    .bss                ano_scheduler.o
    0x20000c54        -       0x00000448   Zero   RW          449    .bss                ano_dt.o
    0x2000109c        -       0x00000010   Zero   RW          477    .bss                ano_rc.o
    0x200010ac        -       0x0000007c   Zero   RW          501    .bss                ano_of.o
    0x20001128        -       0x00000054   Zero   RW          524    .bss                ano_flyctrl.o
    0x2000117c        -       0x0000023c   Zero   RW          552    .bss                ano_uwb.o
    0x200013b8        -       0x00000020   Zero   RW          575    .bss                ano_programctrl_user.o
    0x200013d8        -       0x00000044   Zero   RW          623    .bss                ano_opmv_cbtracking_ctrl.o
    0x2000141c        -       0x00000020   Zero   RW          646    .bss                ano_opmv_linetracking_ctrl.o
    0x2000143c        -       0x00000054   Zero   RW          669    .bss                ano_of_decofusion.o
    0x20001490        -       0x00000035   Zero   RW          696    .bss                ano_fcdata.o
    0x200014c5   COMPRESSED   0x00000003   PAD
    0x200014c8        -       0x00000054   Zero   RW          750    .bss                ano_imu.o
    0x2000151c        -       0x0000004c   Zero   RW          812    .bss                ano_motioncal.o
    0x20001568        -       0x00000108   Zero   RW          878    .bss                ano_sensor_basic.o
    0x20001670        -       0x00000080   Zero   RW          900    .bss                ano_altctrl.o
    0x200016f0        -       0x000001e8   Zero   RW          943    .bss                ano_attctrl.o
    0x200018d8        -       0x00000034   Zero   RW          974    .bss                ano_flightctrl.o
    0x2000190c        -       0x00000148   Zero   RW         1015    .bss                ano_locctrl.o
    0x20001a54        -       0x00000010   Zero   RW         1064    .bss                ano_motorctrl.o
    0x20001a64        -       0x0000000f   Zero   RW         1141    .bss                drv_led.o
    0x20001a73   COMPRESSED   0x00000001   PAD
    0x20001a74        -       0x00001000   Zero   RW         1198    .bss                ano_parameter.o
    0x20002a74        -       0x00000500   Zero   RW         1289    .bss                drv_usart.o
    0x20002f74        -       0x00000040   Zero   RW         1370    .bss                drv_spl06.o
    0x20002fb4        -       0x0000000c   Zero   RW         1393    .bss                drv_w25qxx.o
    0x20002fc0        -       0x00000070   Zero   RW         1418    .bss                usbd_stm32f4xx_fs.o
    0x20003030        -       0x000000eb   Zero   RW         1445    .bss                drv_gps.o
    0x2000311b   COMPRESSED   0x00000001   PAD
    0x2000311c        -       0x0000000c   Zero   RW         1474    .bss                drv_heating.o
    0x20003128        -       0x0000002e   Zero   RW         1520    .bss                drv_openmv.o
    0x20003156        -       0x0000001c   Zero   RW         1543    .bss                drv_up_flow.o
    0x20003172        -       0x0000000e   Zero   RW         1571    .bss                drv_bmi088.o
    0x20003180        -       0x0000006b   Zero   RW         1598    .bss                drv_bsp.o
    0x200031eb   COMPRESSED   0x00000001   PAD
    0x200031ec        -       0x00000048   Zero   RW         1965    .bss                ano_imu_calibration.o
    0x20003234        -       0x000000a8   Zero   RW         1991    .bss                ano_imu_data.o
    0x200032dc   COMPRESSED   0x00000004   PAD
    0x200032e0        -       0x00000800   Zero   RW         1887    STACK               startup_stm32f4xx.o


==============================================================================

Image component sizes


      Code (inc. data)   RO Data    RW Data    ZI Data      Debug   Object Name

      1492        138          0         14        128       2272   ano_altctrl.o
      2644        172          0         16        488       4581   ano_attctrl.o
      4200        140         24          0       1096      10256   ano_dt.o
        40         10          0          8         53       2971   ano_fcdata.o
      2116         26          0         12          0       7571   ano_filter.o
      2220        244          0         44         52       5757   ano_flightctrl.o
       876        142          0         65          0       3163   ano_flightdatacal.o
      2776        444          0         10         84       3660   ano_flyctrl.o
      2976        182          0        340         84       7103   ano_imu.o
       924         64          0         24         72       3443   ano_imu_calibration.o
       484         20          0          0        168       3128   ano_imu_data.o
       164         30          0          0          0        667   ano_imu_task.o
      3512        288          0         54        328       3722   ano_locctrl.o
      1200         92          0         32          0       3295   ano_magprocess.o
      2260        146       1028          0          0       8224   ano_math.o
       508         64          0         25         76       1675   ano_motioncal.o
       528         32          0         20         16       2075   ano_motorctrl.o
       852         40          0          3        124       3002   ano_of.o
      1476        124          0         48         84       4539   ano_of_decofusion.o
      1144         82          0         20         68       3654   ano_opmv_cbtracking_ctrl.o
       244         34          0          3          0       1215   ano_opmv_ctrl.o
      1396        116          0         28         32       3892   ano_opmv_linetracking_ctrl.o
      5224        310          0          4       4096       8387   ano_parameter.o
       288          4          0          0          0       1808   ano_pid.o
       540         62          0         12          0        954   ano_power.o
       208         26          0          0         32       1903   ano_programctrl_user.o
      1364        166          0         21         16       4596   ano_rc.o
       512         34          0         84         36       3569   ano_scheduler.o
       532         46          0          0        264       3186   ano_sensor_basic.o
       408         24          0          7       1064      15122   ano_usb.o
       732         48          0          7        572       2776   ano_uwb.o
       288         36          0          1          0       1238   bsp_init.o
       292         18          0          2          0       1345   drv_adc.o
       260         10          0          6          0       1795   drv_ak8975.o
       676         28          0          2         14       3869   drv_bmi088.o
      1120         54          0         14        107       3197   drv_bsp.o
      1812        102        143         25        235       5511   drv_gps.o
       912        174          0         19         12       2281   drv_heating.o
         0          0          0          6          0       1133   drv_laser.o
      1620         72          0         39         15       4679   drv_led.o
       476         22          0          4         46       2728   drv_openmv.o
       796         38          0          0          0       1790   drv_pwm_out.o
       480         20          0          4          0       1384   drv_rcin.o
       304         10          0          0          0       1687   drv_spi.o
      1792         58          0         11         64       5633   drv_spl06.o
       440         18          0          8          0      21798   drv_time.o
       548         28        322          4         28       2035   drv_up_flow.o
      2060        116          0         14       1280       6056   drv_usart.o
       968         14          0          0         12       5201   drv_w25qxx.o
        28          4          0          0          0        997   main.o
       492         74          0          0          0       2129   misc.o
        36          8        392          0       2048       1008   startup_stm32f4xx.o
      4220        148          0          0          0      13442   stm32f4xx_adc.o
      5068        352          0          0          0       9053   stm32f4xx_dma.o
       780         70          0          0          0       2807   stm32f4xx_exti.o
      2326        132          0          0          0       5505   stm32f4xx_gpio.o
        94          0          0          0          0     306394   stm32f4xx_it.o
      3452        262          0         16          0      13603   stm32f4xx_rcc.o
      3016        118          0          0          0       8637   stm32f4xx_spi.o
     12948        670          0          0          0      31300   stm32f4xx_tim.o
      3764        164          0          0          0      10188   stm32f4xx_usart.o
       528         46          0         20          0       1999   system_stm32f4xx.o
        82          0        372          9        800      15634   usb_config.o
      2608        202          0         36          0       7880   usbd_core.o
       432         68          0          0          0       1716   usbd_core_hid.o
      1540        184          0         39          0       5979   usbd_hid.o
      4792        220          0         48        112      27301   usbd_stm32f4xx_fs.o

    ----------------------------------------------------------------------
    104896       6890       2316       1256      13816     671098   Object Totals
         0          0         32          0          0          0   (incl. Generated)
         6          0          3         28         10          0   (incl. Padding)

    ----------------------------------------------------------------------

      Code (inc. data)   RO Data    RW Data    ZI Data      Debug   Library Member Name

        86          0          0          0          0          0   __dczerorl2.o
         0          0          0          0          0          0   entry.o
         0          0          0          0          0          0   entry10a.o
         0          0          0          0          0          0   entry11a.o
         4          0          0          0          0          0   entry12b.o
         8          4          0          0          0          0   entry2.o
         4          0          0          0          0          0   entry5.o
         0          0          0          0          0          0   entry7b.o
         0          0          0          0          0          0   entry8b.o
         8          4          0          0          0          0   entry9a.o
        30          0          0          0          0          0   handlers.o
        36          8          0          0          0         68   init.o
         0          0          0          0          0          0   iusefp.o
        30          0          0          0          0         68   llshl.o
        36          0          0          0          0         68   llsshr.o
        32          0          0          0          0         68   llushr.o
        36          0          0          0          0         68   memcpya.o
        48          0          0          0          0         68   cdcmple.o
        48          0          0          0          0         68   cdrcmple.o
        56          0          0          0          0         88   d2f.o
       334          0          0          0          0        148   dadd.o
       186          0          0          0          0        176   depilogue.o
        62          0          0          0          0         80   dfixi.o
        34          0          0          0          0         76   dflti.o
       228          0          0          0          0         96   dmul.o
        38          0          0          0          0         68   f2d.o
       110          0          0          0          0        168   fepilogue.o

    ----------------------------------------------------------------------
      1456         16          0          0          0       1376   Library Totals
         2          0          0          0          0          0   (incl. Padding)

    ----------------------------------------------------------------------

      Code (inc. data)   RO Data    RW Data    ZI Data      Debug   Library Name

       310         16          0          0          0        340   mc_w.l
      1144          0          0          0          0       1036   mf_w.l

    ----------------------------------------------------------------------
      1456         16          0          0          0       1376   Library Totals

    ----------------------------------------------------------------------

==============================================================================


      Code (inc. data)   RO Data    RW Data    ZI Data      Debug   

    106352       6906       2316       1256      13816     659134   Grand Totals
    106352       6906       2316        116      13816     659134   ELF Image Totals (compressed)
    106352       6906       2316        116          0          0   ROM Totals

==============================================================================

    Total RO  Size (Code + RO Data)               108668 ( 106.12kB)
    Total RW  Size (RW Data + ZI Data)             15072 (  14.72kB)
    Total ROM Size (Code + RO Data + RW Data)     108784 ( 106.23kB)

==============================================================================

